Command line invocation:
    /Applications/Xcode.app/Contents/Developer/usr/bin/xcodebuild -project TimeBlocking.xcodeproj -target TimeBlocking -configuration Debug -sdk iphonesimulator build

Build settings from command line:
    SDKROOT = iphonesimulator26.2

ComputePackagePrebuildTargetDependencyGraph

Prepare packages

CreateBuildRequest

SendProjectDescription

CreateBuildOperation

ComputeTargetDependencyGraph
note: Building targets in dependency order
note: Target dependency graph (1 target)
    Target 'TimeBlocking' in project 'TimeBlocking' (no dependencies)

GatherProvisioningInputs

CreateBuildDescription

ExecuteExternalTool /Applications/Xcode.app/Contents/Developer/Toolchains/XcodeDefault.xctoolchain/usr/bin/clang -v -E -dM -isysroot /Applications/Xcode.app/Contents/Developer/Platforms/iPhoneSimulator.platform/Developer/SDKs/iPhoneSimulator26.2.sdk -x c -c /dev/null

ExecuteExternalTool /Applications/Xcode.app/Contents/Developer/usr/bin/actool --print-asset-tag-combinations --output-format xml1 /Users/melichan/dev/TimeBlocking/TimeBlocking/TimeBlocking/Assets.xcassets /Users/melichan/dev/TimeBlocking/TimeBlocking/Assets.xcassets

ExecuteExternalTool /Applications/Xcode.app/Contents/Developer/usr/bin/actool --version --output-format xml1

ExecuteExternalTool /Applications/Xcode.app/Contents/Developer/Toolchains/XcodeDefault.xctoolchain/usr/bin/swiftc --version

ExecuteExternalTool /Applications/Xcode.app/Contents/Developer/Toolchains/XcodeDefault.xctoolchain/usr/bin/ld -version_details

Build description signature: c47c1de698c540a384f5a0b8f260629d
Build description path: /Users/melichan/dev/TimeBlocking/build/XCBuildData/c47c1de698c540a384f5a0b8f260629d.xcbuilddata
ClangStatCache /Applications/Xcode.app/Contents/Developer/Toolchains/XcodeDefault.xctoolchain/usr/bin/clang-stat-cache /Applications/Xcode.app/Contents/Developer/Platforms/iPhoneSimulator.platform/Developer/SDKs/iPhoneSimulator26.2.sdk /var/folders/ly/x8ps0c5n7clg2vps_mrgh66w0000gn/C/com.apple.DeveloperTools/26.2-17C52/Xcode/SDKStatCaches.noindex/iphonesimulator26.2-23C53-7d00a8b37fbd7999ea79df8ebc024bf0.sdkstatcache
    cd /Users/melichan/dev/TimeBlocking/TimeBlocking.xcodeproj
    /Applications/Xcode.app/Contents/Developer/Toolchains/XcodeDefault.xctoolchain/usr/bin/clang-stat-cache /Applications/Xcode.app/Contents/Developer/Platforms/iPhoneSimulator.platform/Developer/SDKs/iPhoneSimulator26.2.sdk -o /var/folders/ly/x8ps0c5n7clg2vps_mrgh66w0000gn/C/com.apple.DeveloperTools/26.2-17C52/Xcode/SDKStatCaches.noindex/iphonesimulator26.2-23C53-7d00a8b37fbd7999ea79df8ebc024bf0.sdkstatcache

WriteAuxiliaryFile /Users/melichan/dev/TimeBlocking/build/TimeBlocking.build/Debug-iphonesimulator/TimeBlocking.build/Objects-normal/x86_64/TimeBlocking.SwiftFileList (in target 'TimeBlocking' from project 'TimeBlocking')
    cd /Users/melichan/dev/TimeBlocking
    write-file /Users/melichan/dev/TimeBlocking/build/TimeBlocking.build/Debug-iphonesimulator/TimeBlocking.build/Objects-normal/x86_64/TimeBlocking.SwiftFileList

WriteAuxiliaryFile /Users/melichan/dev/TimeBlocking/build/TimeBlocking.build/Debug-iphonesimulator/TimeBlocking.build/Objects-normal/arm64/TimeBlocking.SwiftConstValuesFileList (in target 'TimeBlocking' from project 'TimeBlocking')
    cd /Users/melichan/dev/TimeBlocking
    write-file /Users/melichan/dev/TimeBlocking/build/TimeBlocking.build/Debug-iphonesimulator/TimeBlocking.build/Objects-normal/arm64/TimeBlocking.SwiftConstValuesFileList

WriteAuxiliaryFile /Users/melichan/dev/TimeBlocking/build/TimeBlocking.build/Debug-iphonesimulator/TimeBlocking.build/Objects-normal/arm64/TimeBlocking.SwiftFileList (in target 'TimeBlocking' from project 'TimeBlocking')
    cd /Users/melichan/dev/TimeBlocking
    write-file /Users/melichan/dev/TimeBlocking/build/TimeBlocking.build/Debug-iphonesimulator/TimeBlocking.build/Objects-normal/arm64/TimeBlocking.SwiftFileList

WriteAuxiliaryFile /Users/melichan/dev/TimeBlocking/build/TimeBlocking.build/Debug-iphonesimulator/TimeBlocking.build/Objects-normal/arm64/TimeBlocking.LinkFileList (in target 'TimeBlocking' from project 'TimeBlocking')
    cd /Users/melichan/dev/TimeBlocking
    write-file /Users/melichan/dev/TimeBlocking/build/TimeBlocking.build/Debug-iphonesimulator/TimeBlocking.build/Objects-normal/arm64/TimeBlocking.LinkFileList

WriteAuxiliaryFile /Users/melichan/dev/TimeBlocking/build/TimeBlocking.build/Debug-iphonesimulator/TimeBlocking.build/Objects-normal/x86_64/TimeBlocking.SwiftConstValuesFileList (in target 'TimeBlocking' from project 'TimeBlocking')
    cd /Users/melichan/dev/TimeBlocking
    write-file /Users/melichan/dev/TimeBlocking/build/TimeBlocking.build/Debug-iphonesimulator/TimeBlocking.build/Objects-normal/x86_64/TimeBlocking.SwiftConstValuesFileList

WriteAuxiliaryFile /Users/melichan/dev/TimeBlocking/build/TimeBlocking.build/Debug-iphonesimulator/TimeBlocking.build/Objects-normal/x86_64/TimeBlocking-OutputFileMap.json (in target 'TimeBlocking' from project 'TimeBlocking')
    cd /Users/melichan/dev/TimeBlocking
    write-file /Users/melichan/dev/TimeBlocking/build/TimeBlocking.build/Debug-iphonesimulator/TimeBlocking.build/Objects-normal/x86_64/TimeBlocking-OutputFileMap.json

WriteAuxiliaryFile /Users/melichan/dev/TimeBlocking/build/TimeBlocking.build/Debug-iphonesimulator/TimeBlocking.build/Objects-normal/x86_64/TimeBlocking.LinkFileList (in target 'TimeBlocking' from project 'TimeBlocking')
    cd /Users/melichan/dev/TimeBlocking
    write-file /Users/melichan/dev/TimeBlocking/build/TimeBlocking.build/Debug-iphonesimulator/TimeBlocking.build/Objects-normal/x86_64/TimeBlocking.LinkFileList

WriteAuxiliaryFile /Users/melichan/dev/TimeBlocking/build/TimeBlocking.build/Debug-iphonesimulator/TimeBlocking.build/Objects-normal/arm64/TimeBlocking-OutputFileMap.json (in target 'TimeBlocking' from project 'TimeBlocking')
    cd /Users/melichan/dev/TimeBlocking
    write-file /Users/melichan/dev/TimeBlocking/build/TimeBlocking.build/Debug-iphonesimulator/TimeBlocking.build/Objects-normal/arm64/TimeBlocking-OutputFileMap.json

ProcessInfoPlistFile /Users/melichan/dev/TimeBlocking/build/Debug-iphonesimulator/TimeBlocking.app/Info.plist /Users/melichan/dev/TimeBlocking/TimeBlocking/Info.plist (in target 'TimeBlocking' from project 'TimeBlocking')
    cd /Users/melichan/dev/TimeBlocking
    builtin-infoPlistUtility /Users/melichan/dev/TimeBlocking/TimeBlocking/Info.plist -producttype com.apple.product-type.application -genpkginfo /Users/melichan/dev/TimeBlocking/build/Debug-iphonesimulator/TimeBlocking.app/PkgInfo -expandbuildsettings -format binary -platform iphonesimulator -additionalcontentfile /Users/melichan/dev/TimeBlocking/build/TimeBlocking.build/Debug-iphonesimulator/TimeBlocking.build/assetcatalog_generated_info.plist -o /Users/melichan/dev/TimeBlocking/build/Debug-iphonesimulator/TimeBlocking.app/Info.plist

SwiftDriver TimeBlocking normal arm64 com.apple.xcode.tools.swift.compiler (in target 'TimeBlocking' from project 'TimeBlocking')
    cd /Users/melichan/dev/TimeBlocking
    builtin-SwiftDriver -- /Applications/Xcode.app/Contents/Developer/Toolchains/XcodeDefault.xctoolchain/usr/bin/swiftc -module-name TimeBlocking -Onone -enforce-exclusivity\=checked @/Users/melichan/dev/TimeBlocking/build/TimeBlocking.build/Debug-iphonesimulator/TimeBlocking.build/Objects-normal/arm64/TimeBlocking.SwiftFileList -DDEBUG -default-isolation\=MainActor -enable-bare-slash-regex -enable-upcoming-feature DisableOutwardActorInference -enable-upcoming-feature InferSendableFromCaptures -enable-upcoming-feature GlobalActorIsolatedTypesUsability -enable-upcoming-feature MemberImportVisibility -enable-upcoming-feature InferIsolatedConformances -enable-upcoming-feature NonisolatedNonsendingByDefault -enable-experimental-feature DebugDescriptionMacro -sdk /Applications/Xcode.app/Contents/Developer/Platforms/iPhoneSimulator.platform/Developer/SDKs/iPhoneSimulator26.2.sdk -target arm64-apple-ios26.2-simulator -g -Xfrontend -serialize-debugging-options -enable-testing -Xcc -D_LIBCPP_HARDENING_MODE\=_LIBCPP_HARDENING_MODE_DEBUG -swift-version 5 -I /Users/melichan/dev/TimeBlocking/build/Debug-iphonesimulator -F /Users/melichan/dev/TimeBlocking/build/Debug-iphonesimulator -emit-localized-strings -emit-localized-strings-path /Users/melichan/dev/TimeBlocking/build/TimeBlocking.build/Debug-iphonesimulator/TimeBlocking.build/Objects-normal/arm64 -c -j8 -enable-batch-mode -incremental -Xcc -ivfsstatcache -Xcc /var/folders/ly/x8ps0c5n7clg2vps_mrgh66w0000gn/C/com.apple.DeveloperTools/26.2-17C52/Xcode/SDKStatCaches.noindex/iphonesimulator26.2-23C53-7d00a8b37fbd7999ea79df8ebc024bf0.sdkstatcache -output-file-map /Users/melichan/dev/TimeBlocking/build/TimeBlocking.build/Debug-iphonesimulator/TimeBlocking.build/Objects-normal/arm64/TimeBlocking-OutputFileMap.json -use-frontend-parseable-output -save-temps -no-color-diagnostics -explicit-module-build -module-cache-path /Users/melichan/dev/TimeBlocking/build/SwiftExplicitPrecompiledModules -serialize-diagnostics -emit-dependencies -emit-module -emit-module-path /Users/melichan/dev/TimeBlocking/build/TimeBlocking.build/Debug-iphonesimulator/TimeBlocking.build/Objects-normal/arm64/TimeBlocking.swiftmodule -validate-clang-modules-once -clang-build-session-file /var/folders/ly/x8ps0c5n7clg2vps_mrgh66w0000gn/C/org.llvm.clang/ModuleCache.noindex/Session.modulevalidation -Xcc -I/Users/melichan/dev/TimeBlocking/build/TimeBlocking.build/Debug-iphonesimulator/TimeBlocking.build/swift-overrides.hmap -emit-const-values -Xfrontend -const-gather-protocols-file -Xfrontend /Users/melichan/dev/TimeBlocking/build/TimeBlocking.build/Debug-iphonesimulator/TimeBlocking.build/Objects-normal/arm64/TimeBlocking_const_extract_protocols.json -Xcc -iquote -Xcc /Users/melichan/dev/TimeBlocking/build/TimeBlocking.build/Debug-iphonesimulator/TimeBlocking.build/TimeBlocking-generated-files.hmap -Xcc -I/Users/melichan/dev/TimeBlocking/build/TimeBlocking.build/Debug-iphonesimulator/TimeBlocking.build/TimeBlocking-own-target-headers.hmap -Xcc -I/Users/melichan/dev/TimeBlocking/build/TimeBlocking.build/Debug-iphonesimulator/TimeBlocking.build/TimeBlocking-all-target-headers.hmap -Xcc -iquote -Xcc /Users/melichan/dev/TimeBlocking/build/TimeBlocking.build/Debug-iphonesimulator/TimeBlocking.build/TimeBlocking-project-headers.hmap -Xcc -I/Users/melichan/dev/TimeBlocking/build/Debug-iphonesimulator/include -Xcc -I/Users/melichan/dev/TimeBlocking/build/TimeBlocking.build/Debug-iphonesimulator/TimeBlocking.build/DerivedSources-normal/arm64 -Xcc -I/Users/melichan/dev/TimeBlocking/build/TimeBlocking.build/Debug-iphonesimulator/TimeBlocking.build/DerivedSources/arm64 -Xcc -I/Users/melichan/dev/TimeBlocking/build/TimeBlocking.build/Debug-iphonesimulator/TimeBlocking.build/DerivedSources -Xcc -DDEBUG\=1 -emit-objc-header -emit-objc-header-path /Users/melichan/dev/TimeBlocking/build/TimeBlocking.build/Debug-iphonesimulator/TimeBlocking.build/Objects-normal/arm64/TimeBlocking-Swift.h -working-directory /Users/melichan/dev/TimeBlocking -experimental-emit-module-separately -disable-cmo

SwiftDriver TimeBlocking normal x86_64 com.apple.xcode.tools.swift.compiler (in target 'TimeBlocking' from project 'TimeBlocking')
    cd /Users/melichan/dev/TimeBlocking
    builtin-SwiftDriver -- /Applications/Xcode.app/Contents/Developer/Toolchains/XcodeDefault.xctoolchain/usr/bin/swiftc -module-name TimeBlocking -Onone -enforce-exclusivity\=checked @/Users/melichan/dev/TimeBlocking/build/TimeBlocking.build/Debug-iphonesimulator/TimeBlocking.build/Objects-normal/x86_64/TimeBlocking.SwiftFileList -DDEBUG -default-isolation\=MainActor -enable-bare-slash-regex -enable-upcoming-feature DisableOutwardActorInference -enable-upcoming-feature InferSendableFromCaptures -enable-upcoming-feature GlobalActorIsolatedTypesUsability -enable-upcoming-feature MemberImportVisibility -enable-upcoming-feature InferIsolatedConformances -enable-upcoming-feature NonisolatedNonsendingByDefault -enable-experimental-feature DebugDescriptionMacro -sdk /Applications/Xcode.app/Contents/Developer/Platforms/iPhoneSimulator.platform/Developer/SDKs/iPhoneSimulator26.2.sdk -target x86_64-apple-ios26.2-simulator -g -Xfrontend -serialize-debugging-options -enable-testing -Xcc -D_LIBCPP_HARDENING_MODE\=_LIBCPP_HARDENING_MODE_DEBUG -swift-version 5 -I /Users/melichan/dev/TimeBlocking/build/Debug-iphonesimulator -F /Users/melichan/dev/TimeBlocking/build/Debug-iphonesimulator -emit-localized-strings -emit-localized-strings-path /Users/melichan/dev/TimeBlocking/build/TimeBlocking.build/Debug-iphonesimulator/TimeBlocking.build/Objects-normal/x86_64 -c -j8 -enable-batch-mode -incremental -Xcc -ivfsstatcache -Xcc /var/folders/ly/x8ps0c5n7clg2vps_mrgh66w0000gn/C/com.apple.DeveloperTools/26.2-17C52/Xcode/SDKStatCaches.noindex/iphonesimulator26.2-23C53-7d00a8b37fbd7999ea79df8ebc024bf0.sdkstatcache -output-file-map /Users/melichan/dev/TimeBlocking/build/TimeBlocking.build/Debug-iphonesimulator/TimeBlocking.build/Objects-normal/x86_64/TimeBlocking-OutputFileMap.json -use-frontend-parseable-output -save-temps -no-color-diagnostics -explicit-module-build -module-cache-path /Users/melichan/dev/TimeBlocking/build/SwiftExplicitPrecompiledModules -serialize-diagnostics -emit-dependencies -emit-module -emit-module-path /Users/melichan/dev/TimeBlocking/build/TimeBlocking.build/Debug-iphonesimulator/TimeBlocking.build/Objects-normal/x86_64/TimeBlocking.swiftmodule -validate-clang-modules-once -clang-build-session-file /var/folders/ly/x8ps0c5n7clg2vps_mrgh66w0000gn/C/org.llvm.clang/ModuleCache.noindex/Session.modulevalidation -Xcc -I/Users/melichan/dev/TimeBlocking/build/TimeBlocking.build/Debug-iphonesimulator/TimeBlocking.build/swift-overrides.hmap -emit-const-values -Xfrontend -const-gather-protocols-file -Xfrontend /Users/melichan/dev/TimeBlocking/build/TimeBlocking.build/Debug-iphonesimulator/TimeBlocking.build/Objects-normal/x86_64/TimeBlocking_const_extract_protocols.json -Xcc -iquote -Xcc /Users/melichan/dev/TimeBlocking/build/TimeBlocking.build/Debug-iphonesimulator/TimeBlocking.build/TimeBlocking-generated-files.hmap -Xcc -I/Users/melichan/dev/TimeBlocking/build/TimeBlocking.build/Debug-iphonesimulator/TimeBlocking.build/TimeBlocking-own-target-headers.hmap -Xcc -I/Users/melichan/dev/TimeBlocking/build/TimeBlocking.build/Debug-iphonesimulator/TimeBlocking.build/TimeBlocking-all-target-headers.hmap -Xcc -iquote -Xcc /Users/melichan/dev/TimeBlocking/build/TimeBlocking.build/Debug-iphonesimulator/TimeBlocking.build/TimeBlocking-project-headers.hmap -Xcc -I/Users/melichan/dev/TimeBlocking/build/Debug-iphonesimulator/include -Xcc -I/Users/melichan/dev/TimeBlocking/build/TimeBlocking.build/Debug-iphonesimulator/TimeBlocking.build/DerivedSources-normal/x86_64 -Xcc -I/Users/melichan/dev/TimeBlocking/build/TimeBlocking.build/Debug-iphonesimulator/TimeBlocking.build/DerivedSources/x86_64 -Xcc -I/Users/melichan/dev/TimeBlocking/build/TimeBlocking.build/Debug-iphonesimulator/TimeBlocking.build/DerivedSources -Xcc -DDEBUG\=1 -emit-objc-header -emit-objc-header-path /Users/melichan/dev/TimeBlocking/build/TimeBlocking.build/Debug-iphonesimulator/TimeBlocking.build/Objects-normal/x86_64/TimeBlocking-Swift.h -working-directory /Users/melichan/dev/TimeBlocking -experimental-emit-module-separately -disable-cmo

SwiftCompile normal arm64 Compiling\ AppEnvironment.swift,\ AppSection.swift,\ TimeAppState.swift,\ TimeCalendarManager.swift,\ TimeNotificationManager.swift,\ AppPreferences.swift,\ BlockChecklistItem.swift,\ BrainDumpItem.swift /Users/melichan/dev/TimeBlocking/TimeBlocking/App/AppEnvironment.swift /Users/melichan/dev/TimeBlocking/TimeBlocking/App/AppSection.swift /Users/melichan/dev/TimeBlocking/TimeBlocking/App/TimeAppState.swift /Users/melichan/dev/TimeBlocking/TimeBlocking/App/TimeCalendarManager.swift /Users/melichan/dev/TimeBlocking/TimeBlocking/App/TimeNotificationManager.swift /Users/melichan/dev/TimeBlocking/TimeBlocking/Domain/Models/AppPreferences.swift /Users/melichan/dev/TimeBlocking/TimeBlocking/Domain/Models/BlockChecklistItem.swift /Users/melichan/dev/TimeBlocking/TimeBlocking/Domain/Models/BrainDumpItem.swift (in target 'TimeBlocking' from project 'TimeBlocking')

SwiftCompile normal arm64 /Users/melichan/dev/TimeBlocking/TimeBlocking/App/AppEnvironment.swift (in target 'TimeBlocking' from project 'TimeBlocking')
    cd /Users/melichan/dev/TimeBlocking
    

SwiftCompile normal arm64 /Users/melichan/dev/TimeBlocking/TimeBlocking/App/AppSection.swift (in target 'TimeBlocking' from project 'TimeBlocking')
    cd /Users/melichan/dev/TimeBlocking
    

SwiftCompile normal arm64 /Users/melichan/dev/TimeBlocking/TimeBlocking/App/TimeAppState.swift (in target 'TimeBlocking' from project 'TimeBlocking')
    cd /Users/melichan/dev/TimeBlocking
    

SwiftCompile normal arm64 /Users/melichan/dev/TimeBlocking/TimeBlocking/App/TimeCalendarManager.swift (in target 'TimeBlocking' from project 'TimeBlocking')
    cd /Users/melichan/dev/TimeBlocking
    

SwiftCompile normal arm64 /Users/melichan/dev/TimeBlocking/TimeBlocking/App/TimeNotificationManager.swift (in target 'TimeBlocking' from project 'TimeBlocking')
    cd /Users/melichan/dev/TimeBlocking
    

SwiftCompile normal arm64 /Users/melichan/dev/TimeBlocking/TimeBlocking/Domain/Models/AppPreferences.swift (in target 'TimeBlocking' from project 'TimeBlocking')
    cd /Users/melichan/dev/TimeBlocking
    

SwiftCompile normal arm64 /Users/melichan/dev/TimeBlocking/TimeBlocking/Domain/Models/BlockChecklistItem.swift (in target 'TimeBlocking' from project 'TimeBlocking')
    cd /Users/melichan/dev/TimeBlocking
    

SwiftCompile normal arm64 /Users/melichan/dev/TimeBlocking/TimeBlocking/Domain/Models/BrainDumpItem.swift (in target 'TimeBlocking' from project 'TimeBlocking')
    cd /Users/melichan/dev/TimeBlocking
    

SwiftCompile normal arm64 Compiling\ AddTimeBlockView.swift,\ ScheduleView.swift,\ TimeAboutSettingsView.swift,\ TimeAppearanceSettingsView.swift,\ TimeDataManagementSettingsView.swift,\ TimePortedSettingsSections.swift,\ TimeSchedulingSettingsView.swift,\ TimeSecuritySettingsView.swift /Users/melichan/dev/TimeBlocking/TimeBlocking/Features/Schedule/AddTimeBlockView.swift /Users/melichan/dev/TimeBlocking/TimeBlocking/Features/Schedule/ScheduleView.swift /Users/melichan/dev/TimeBlocking/TimeBlocking/Features/Settings/Components/TimeAboutSettingsView.swift /Users/melichan/dev/TimeBlocking/TimeBlocking/Features/Settings/Components/TimeAppearanceSettingsView.swift /Users/melichan/dev/TimeBlocking/TimeBlocking/Features/Settings/Components/TimeDataManagementSettingsView.swift /Users/melichan/dev/TimeBlocking/TimeBlocking/Features/Settings/Components/TimePortedSettingsSections.swift /Users/melichan/dev/TimeBlocking/TimeBlocking/Features/Settings/Components/TimeSchedulingSettingsView.swift /Users/melichan/dev/TimeBlocking/TimeBlocking/Features/Settings/Components/TimeSecuritySettingsView.swift (in target 'TimeBlocking' from project 'TimeBlocking')
SwiftCompile normal arm64 /Users/melichan/dev/TimeBlocking/TimeBlocking/Features/Schedule/AddTimeBlockView.swift (in target 'TimeBlocking' from project 'TimeBlocking')
    cd /Users/melichan/dev/TimeBlocking
    

SwiftCompile normal arm64 /Users/melichan/dev/TimeBlocking/TimeBlocking/Features/Schedule/ScheduleView.swift (in target 'TimeBlocking' from project 'TimeBlocking')
    cd /Users/melichan/dev/TimeBlocking
    

SwiftCompile normal arm64 /Users/melichan/dev/TimeBlocking/TimeBlocking/Features/Settings/Components/TimeAboutSettingsView.swift (in target 'TimeBlocking' from project 'TimeBlocking')
    cd /Users/melichan/dev/TimeBlocking
    

SwiftCompile normal arm64 /Users/melichan/dev/TimeBlocking/TimeBlocking/Features/Settings/Components/TimeAppearanceSettingsView.swift (in target 'TimeBlocking' from project 'TimeBlocking')
    cd /Users/melichan/dev/TimeBlocking
    

SwiftCompile normal arm64 /Users/melichan/dev/TimeBlocking/TimeBlocking/Features/Settings/Components/TimeDataManagementSettingsView.swift (in target 'TimeBlocking' from project 'TimeBlocking')
    cd /Users/melichan/dev/TimeBlocking
    

SwiftCompile normal arm64 /Users/melichan/dev/TimeBlocking/TimeBlocking/Features/Settings/Components/TimePortedSettingsSections.swift (in target 'TimeBlocking' from project 'TimeBlocking')
    cd /Users/melichan/dev/TimeBlocking
    

SwiftCompile normal arm64 /Users/melichan/dev/TimeBlocking/TimeBlocking/Features/Settings/Components/TimeSchedulingSettingsView.swift (in target 'TimeBlocking' from project 'TimeBlocking')
    cd /Users/melichan/dev/TimeBlocking
    

SwiftCompile normal arm64 /Users/melichan/dev/TimeBlocking/TimeBlocking/Features/Settings/Components/TimeSecuritySettingsView.swift (in target 'TimeBlocking' from project 'TimeBlocking')
    cd /Users/melichan/dev/TimeBlocking
    

SwiftCompile normal arm64 Compiling\ PersistenceController.swift,\ ScheduleRepository.swift,\ DataTransferManager.swift,\ SecurityManager.swift,\ AppIconView.swift,\ ButtonStyles.swift,\ TimeBlockRowView.swift /Users/melichan/dev/TimeBlocking/TimeBlocking/Persistence/PersistenceController.swift /Users/melichan/dev/TimeBlocking/TimeBlocking/Persistence/ScheduleRepository.swift /Users/melichan/dev/TimeBlocking/TimeBlocking/Shared/Services/DataTransferManager.swift /Users/melichan/dev/TimeBlocking/TimeBlocking/Shared/Services/SecurityManager.swift /Users/melichan/dev/TimeBlocking/TimeBlocking/Shared/UI/AppIconView.swift /Users/melichan/dev/TimeBlocking/TimeBlocking/Shared/UI/ButtonStyles.swift /Users/melichan/dev/TimeBlocking/TimeBlocking/Shared/UI/TimeBlockRowView.swift (in target 'TimeBlocking' from project 'TimeBlocking')

SwiftCompile normal arm64 /Users/melichan/dev/TimeBlocking/TimeBlocking/Persistence/PersistenceController.swift (in target 'TimeBlocking' from project 'TimeBlocking')
    cd /Users/melichan/dev/TimeBlocking
    

SwiftCompile normal arm64 /Users/melichan/dev/TimeBlocking/TimeBlocking/Persistence/ScheduleRepository.swift (in target 'TimeBlocking' from project 'TimeBlocking')
    cd /Users/melichan/dev/TimeBlocking
    

SwiftCompile normal arm64 /Users/melichan/dev/TimeBlocking/TimeBlocking/Shared/Services/DataTransferManager.swift (in target 'TimeBlocking' from project 'TimeBlocking')
    cd /Users/melichan/dev/TimeBlocking
    

SwiftCompile normal arm64 /Users/melichan/dev/TimeBlocking/TimeBlocking/Shared/Services/SecurityManager.swift (in target 'TimeBlocking' from project 'TimeBlocking')
    cd /Users/melichan/dev/TimeBlocking
    

SwiftCompile normal arm64 /Users/melichan/dev/TimeBlocking/TimeBlocking/Shared/UI/AppIconView.swift (in target 'TimeBlocking' from project 'TimeBlocking')
    cd /Users/melichan/dev/TimeBlocking
    

SwiftCompile normal arm64 /Users/melichan/dev/TimeBlocking/TimeBlocking/Shared/UI/ButtonStyles.swift (in target 'TimeBlocking' from project 'TimeBlocking')
    cd /Users/melichan/dev/TimeBlocking
    

SwiftCompile normal arm64 /Users/melichan/dev/TimeBlocking/TimeBlocking/Shared/UI/TimeBlockRowView.swift (in target 'TimeBlocking' from project 'TimeBlocking')
    cd /Users/melichan/dev/TimeBlocking
    

SwiftCompile normal arm64 Compiling\ ScheduleTemplate.swift,\ TimeBlock.swift,\ DashboardInsightsView.swift,\ DashboardInsightsViewModel.swift,\ DashboardTrendChart.swift,\ DashboardView.swift,\ LoadingView.swift,\ OnboardingView.swift /Users/melichan/dev/TimeBlocking/TimeBlocking/Domain/Models/ScheduleTemplate.swift /Users/melichan/dev/TimeBlocking/TimeBlocking/Domain/Models/TimeBlock.swift /Users/melichan/dev/TimeBlocking/TimeBlocking/Features/Dashboard/DashboardInsightsView.swift /Users/melichan/dev/TimeBlocking/TimeBlocking/Features/Dashboard/DashboardInsightsViewModel.swift /Users/melichan/dev/TimeBlocking/TimeBlocking/Features/Dashboard/DashboardTrendChart.swift /Users/melichan/dev/TimeBlocking/TimeBlocking/Features/Dashboard/DashboardView.swift /Users/melichan/dev/TimeBlocking/TimeBlocking/Features/Root/LoadingView.swift /Users/melichan/dev/TimeBlocking/TimeBlocking/Features/Root/OnboardingView.swift (in target 'TimeBlocking' from project 'TimeBlocking')
SwiftCompile normal arm64 /Users/melichan/dev/TimeBlocking/TimeBlocking/Domain/Models/ScheduleTemplate.swift (in target 'TimeBlocking' from project 'TimeBlocking')
    cd /Users/melichan/dev/TimeBlocking
    

SwiftCompile normal arm64 /Users/melichan/dev/TimeBlocking/TimeBlocking/Domain/Models/TimeBlock.swift (in target 'TimeBlocking' from project 'TimeBlocking')
    cd /Users/melichan/dev/TimeBlocking
    

SwiftCompile normal arm64 /Users/melichan/dev/TimeBlocking/TimeBlocking/Features/Dashboard/DashboardInsightsView.swift (in target 'TimeBlocking' from project 'TimeBlocking')
    cd /Users/melichan/dev/TimeBlocking
    

SwiftCompile normal arm64 /Users/melichan/dev/TimeBlocking/TimeBlocking/Features/Dashboard/DashboardInsightsViewModel.swift (in target 'TimeBlocking' from project 'TimeBlocking')
    cd /Users/melichan/dev/TimeBlocking
    

SwiftCompile normal arm64 /Users/melichan/dev/TimeBlocking/TimeBlocking/Features/Dashboard/DashboardTrendChart.swift (in target 'TimeBlocking' from project 'TimeBlocking')
    cd /Users/melichan/dev/TimeBlocking
    

SwiftCompile normal arm64 /Users/melichan/dev/TimeBlocking/TimeBlocking/Features/Dashboard/DashboardView.swift (in target 'TimeBlocking' from project 'TimeBlocking')
    cd /Users/melichan/dev/TimeBlocking
    

SwiftCompile normal arm64 /Users/melichan/dev/TimeBlocking/TimeBlocking/Features/Root/LoadingView.swift (in target 'TimeBlocking' from project 'TimeBlocking')
    cd /Users/melichan/dev/TimeBlocking
    

SwiftCompile normal arm64 /Users/melichan/dev/TimeBlocking/TimeBlocking/Features/Root/OnboardingView.swift (in target 'TimeBlocking' from project 'TimeBlocking')
    cd /Users/melichan/dev/TimeBlocking
    

SwiftCompile normal arm64 Compiling\ RootView.swift,\ DayMoveRibbon.swift,\ DayTimelineView.swift,\ MonthlyPlanningView.swift,\ MoveHintCallout.swift,\ ScheduleBanners.swift,\ ScheduleMonthSupport.swift,\ SchedulePlanningGuidance.swift /Users/melichan/dev/TimeBlocking/TimeBlocking/Features/Root/RootView.swift /Users/melichan/dev/TimeBlocking/TimeBlocking/Features/Schedule/Components/DayMoveRibbon.swift /Users/melichan/dev/TimeBlocking/TimeBlocking/Features/Schedule/Components/DayTimelineView.swift /Users/melichan/dev/TimeBlocking/TimeBlocking/Features/Schedule/Components/MonthlyPlanningView.swift /Users/melichan/dev/TimeBlocking/TimeBlocking/Features/Schedule/Components/MoveHintCallout.swift /Users/melichan/dev/TimeBlocking/TimeBlocking/Features/Schedule/Components/ScheduleBanners.swift /Users/melichan/dev/TimeBlocking/TimeBlocking/Features/Schedule/Components/ScheduleMonthSupport.swift /Users/melichan/dev/TimeBlocking/TimeBlocking/Features/Schedule/Components/SchedulePlanningGuidance.swift (in target 'TimeBlocking' from project 'TimeBlocking')

SwiftCompile normal arm64 /Users/melichan/dev/TimeBlocking/TimeBlocking/Features/Root/RootView.swift (in target 'TimeBlocking' from project 'TimeBlocking')
    cd /Users/melichan/dev/TimeBlocking
    

SwiftCompile normal arm64 /Users/melichan/dev/TimeBlocking/TimeBlocking/Features/Schedule/Components/DayMoveRibbon.swift (in target 'TimeBlocking' from project 'TimeBlocking')
    cd /Users/melichan/dev/TimeBlocking
    

SwiftCompile normal arm64 /Users/melichan/dev/TimeBlocking/TimeBlocking/Features/Schedule/Components/DayTimelineView.swift (in target 'TimeBlocking' from project 'TimeBlocking')
    cd /Users/melichan/dev/TimeBlocking
    

SwiftCompile normal arm64 /Users/melichan/dev/TimeBlocking/TimeBlocking/Features/Schedule/Components/MonthlyPlanningView.swift (in target 'TimeBlocking' from project 'TimeBlocking')
    cd /Users/melichan/dev/TimeBlocking
    

SwiftCompile normal arm64 /Users/melichan/dev/TimeBlocking/TimeBlocking/Features/Schedule/Components/MoveHintCallout.swift (in target 'TimeBlocking' from project 'TimeBlocking')
    cd /Users/melichan/dev/TimeBlocking
    

SwiftCompile normal arm64 /Users/melichan/dev/TimeBlocking/TimeBlocking/Features/Schedule/Components/ScheduleBanners.swift (in target 'TimeBlocking' from project 'TimeBlocking')
    cd /Users/melichan/dev/TimeBlocking
    

SwiftCompile normal arm64 /Users/melichan/dev/TimeBlocking/TimeBlocking/Features/Schedule/Components/ScheduleMonthSupport.swift (in target 'TimeBlocking' from project 'TimeBlocking')
    cd /Users/melichan/dev/TimeBlocking
    

SwiftCompile normal arm64 /Users/melichan/dev/TimeBlocking/TimeBlocking/Features/Schedule/Components/SchedulePlanningGuidance.swift (in target 'TimeBlocking' from project 'TimeBlocking')
    cd /Users/melichan/dev/TimeBlocking
    

SwiftCompile normal arm64 Compiling\ ScheduleTimelineComponents.swift,\ TimeBlockBrainDumpComponents.swift,\ TimeBlockChecklists.swift,\ TimeBlockGeneralSetupComponents.swift,\ TimeBlockMainScreens.swift,\ TimeBlockSetupComponents.swift,\ TimeBlockSetupData.swift,\ WeeklyPlanningView.swift /Users/melichan/dev/TimeBlocking/TimeBlocking/Features/Schedule/Components/ScheduleTimelineComponents.swift /Users/melichan/dev/TimeBlocking/TimeBlocking/Features/Schedule/Components/TimeBlockBrainDumpComponents.swift /Users/melichan/dev/TimeBlocking/TimeBlocking/Features/Schedule/Components/TimeBlockChecklists.swift /Users/melichan/dev/TimeBlocking/TimeBlocking/Features/Schedule/Components/TimeBlockGeneralSetupComponents.swift /Users/melichan/dev/TimeBlocking/TimeBlocking/Features/Schedule/Components/TimeBlockMainScreens.swift /Users/melichan/dev/TimeBlocking/TimeBlocking/Features/Schedule/Components/TimeBlockSetupComponents.swift /Users/melichan/dev/TimeBlocking/TimeBlocking/Features/Schedule/Components/TimeBlockSetupData.swift /Users/melichan/dev/TimeBlocking/TimeBlocking/Features/Schedule/Components/WeeklyPlanningView.swift (in target 'TimeBlocking' from project 'TimeBlocking')

SwiftCompile normal arm64 /Users/melichan/dev/TimeBlocking/TimeBlocking/Features/Schedule/Components/ScheduleTimelineComponents.swift (in target 'TimeBlocking' from project 'TimeBlocking')
    cd /Users/melichan/dev/TimeBlocking
    

SwiftCompile normal arm64 /Users/melichan/dev/TimeBlocking/TimeBlocking/Features/Schedule/Components/TimeBlockBrainDumpComponents.swift (in target 'TimeBlocking' from project 'TimeBlocking')
    cd /Users/melichan/dev/TimeBlocking
    

SwiftCompile normal arm64 /Users/melichan/dev/TimeBlocking/TimeBlocking/Features/Schedule/Components/TimeBlockChecklists.swift (in target 'TimeBlocking' from project 'TimeBlocking')
    cd /Users/melichan/dev/TimeBlocking
    

SwiftCompile normal arm64 /Users/melichan/dev/TimeBlocking/TimeBlocking/Features/Schedule/Components/TimeBlockGeneralSetupComponents.swift (in target 'TimeBlocking' from project 'TimeBlocking')
    cd /Users/melichan/dev/TimeBlocking
    

SwiftCompile normal arm64 /Users/melichan/dev/TimeBlocking/TimeBlocking/Features/Schedule/Components/TimeBlockMainScreens.swift (in target 'TimeBlocking' from project 'TimeBlocking')
    cd /Users/melichan/dev/TimeBlocking
    

SwiftCompile normal arm64 /Users/melichan/dev/TimeBlocking/TimeBlocking/Features/Schedule/Components/TimeBlockSetupComponents.swift (in target 'TimeBlocking' from project 'TimeBlocking')
    cd /Users/melichan/dev/TimeBlocking
    

SwiftCompile normal arm64 /Users/melichan/dev/TimeBlocking/TimeBlocking/Features/Schedule/Components/TimeBlockSetupData.swift (in target 'TimeBlocking' from project 'TimeBlocking')
    cd /Users/melichan/dev/TimeBlocking
    

SwiftCompile normal arm64 /Users/melichan/dev/TimeBlocking/TimeBlocking/Features/Schedule/Components/WeeklyPlanningView.swift (in target 'TimeBlocking' from project 'TimeBlocking')
    cd /Users/melichan/dev/TimeBlocking
    

SwiftEmitModule normal arm64 Emitting\ module\ for\ TimeBlocking (in target 'TimeBlocking' from project 'TimeBlocking')

EmitSwiftModule normal arm64 (in target 'TimeBlocking' from project 'TimeBlocking')
    cd /Users/melichan/dev/TimeBlocking
    

SwiftCompile normal arm64 Compiling\ TimeHeaderView.swift,\ TimeSettingsComponents.swift,\ TimeSurfaceStyle.swift,\ TopHeadlineView.swift,\ WeekStripView.swift,\ TimeBlockingApp.swift,\ GeneratedAssetSymbols.swift /Users/melichan/dev/TimeBlocking/TimeBlocking/Shared/UI/TimeHeaderView.swift /Users/melichan/dev/TimeBlocking/TimeBlocking/Shared/UI/TimeSettingsComponents.swift /Users/melichan/dev/TimeBlocking/TimeBlocking/Shared/UI/TimeSurfaceStyle.swift /Users/melichan/dev/TimeBlocking/TimeBlocking/Shared/UI/TopHeadlineView.swift /Users/melichan/dev/TimeBlocking/TimeBlocking/Shared/UI/WeekStripView.swift /Users/melichan/dev/TimeBlocking/TimeBlocking/TimeBlockingApp.swift /Users/melichan/dev/TimeBlocking/build/TimeBlocking.build/Debug-iphonesimulator/TimeBlocking.build/DerivedSources/GeneratedAssetSymbols.swift (in target 'TimeBlocking' from project 'TimeBlocking')

SwiftCompile normal arm64 /Users/melichan/dev/TimeBlocking/TimeBlocking/Shared/UI/TimeHeaderView.swift (in target 'TimeBlocking' from project 'TimeBlocking')
    cd /Users/melichan/dev/TimeBlocking
    

SwiftCompile normal arm64 /Users/melichan/dev/TimeBlocking/TimeBlocking/Shared/UI/TimeSettingsComponents.swift (in target 'TimeBlocking' from project 'TimeBlocking')
    cd /Users/melichan/dev/TimeBlocking
    

SwiftCompile normal arm64 /Users/melichan/dev/TimeBlocking/TimeBlocking/Shared/UI/TimeSurfaceStyle.swift (in target 'TimeBlocking' from project 'TimeBlocking')
    cd /Users/melichan/dev/TimeBlocking
    

SwiftCompile normal arm64 /Users/melichan/dev/TimeBlocking/TimeBlocking/Shared/UI/TopHeadlineView.swift (in target 'TimeBlocking' from project 'TimeBlocking')
    cd /Users/melichan/dev/TimeBlocking
    

SwiftCompile normal arm64 /Users/melichan/dev/TimeBlocking/TimeBlocking/Shared/UI/WeekStripView.swift (in target 'TimeBlocking' from project 'TimeBlocking')
    cd /Users/melichan/dev/TimeBlocking
    

SwiftCompile normal arm64 /Users/melichan/dev/TimeBlocking/TimeBlocking/TimeBlockingApp.swift (in target 'TimeBlocking' from project 'TimeBlocking')
    cd /Users/melichan/dev/TimeBlocking
    

SwiftCompile normal arm64 /Users/melichan/dev/TimeBlocking/build/TimeBlocking.build/Debug-iphonesimulator/TimeBlocking.build/DerivedSources/GeneratedAssetSymbols.swift (in target 'TimeBlocking' from project 'TimeBlocking')
    cd /Users/melichan/dev/TimeBlocking
    

SwiftEmitModule normal x86_64 Emitting\ module\ for\ TimeBlocking (in target 'TimeBlocking' from project 'TimeBlocking')

EmitSwiftModule normal x86_64 (in target 'TimeBlocking' from project 'TimeBlocking')
    cd /Users/melichan/dev/TimeBlocking
    

SwiftDriverJobDiscovery normal arm64 Compiling AppEnvironment.swift, AppSection.swift, TimeAppState.swift, TimeCalendarManager.swift, TimeNotificationManager.swift, AppPreferences.swift, BlockChecklistItem.swift, BrainDumpItem.swift (in target 'TimeBlocking' from project 'TimeBlocking')

SwiftCompile normal x86_64 Compiling\ ScheduleTemplate.swift,\ TimeBlock.swift,\ DashboardInsightsView.swift,\ DashboardInsightsViewModel.swift,\ DashboardTrendChart.swift,\ DashboardView.swift,\ LoadingView.swift,\ OnboardingView.swift /Users/melichan/dev/TimeBlocking/TimeBlocking/Domain/Models/ScheduleTemplate.swift /Users/melichan/dev/TimeBlocking/TimeBlocking/Domain/Models/TimeBlock.swift /Users/melichan/dev/TimeBlocking/TimeBlocking/Features/Dashboard/DashboardInsightsView.swift /Users/melichan/dev/TimeBlocking/TimeBlocking/Features/Dashboard/DashboardInsightsViewModel.swift /Users/melichan/dev/TimeBlocking/TimeBlocking/Features/Dashboard/DashboardTrendChart.swift /Users/melichan/dev/TimeBlocking/TimeBlocking/Features/Dashboard/DashboardView.swift /Users/melichan/dev/TimeBlocking/TimeBlocking/Features/Root/LoadingView.swift /Users/melichan/dev/TimeBlocking/TimeBlocking/Features/Root/OnboardingView.swift (in target 'TimeBlocking' from project 'TimeBlocking')
SwiftCompile normal x86_64 /Users/melichan/dev/TimeBlocking/TimeBlocking/Domain/Models/ScheduleTemplate.swift (in target 'TimeBlocking' from project 'TimeBlocking')
    cd /Users/melichan/dev/TimeBlocking
    

SwiftCompile normal x86_64 /Users/melichan/dev/TimeBlocking/TimeBlocking/Domain/Models/TimeBlock.swift (in target 'TimeBlocking' from project 'TimeBlocking')
    cd /Users/melichan/dev/TimeBlocking
    

SwiftCompile normal x86_64 /Users/melichan/dev/TimeBlocking/TimeBlocking/Features/Dashboard/DashboardInsightsView.swift (in target 'TimeBlocking' from project 'TimeBlocking')
    cd /Users/melichan/dev/TimeBlocking
    

SwiftCompile normal x86_64 /Users/melichan/dev/TimeBlocking/TimeBlocking/Features/Dashboard/DashboardInsightsViewModel.swift (in target 'TimeBlocking' from project 'TimeBlocking')
    cd /Users/melichan/dev/TimeBlocking
    

SwiftCompile normal x86_64 /Users/melichan/dev/TimeBlocking/TimeBlocking/Features/Dashboard/DashboardTrendChart.swift (in target 'TimeBlocking' from project 'TimeBlocking')
    cd /Users/melichan/dev/TimeBlocking
    

SwiftCompile normal x86_64 /Users/melichan/dev/TimeBlocking/TimeBlocking/Features/Dashboard/DashboardView.swift (in target 'TimeBlocking' from project 'TimeBlocking')
    cd /Users/melichan/dev/TimeBlocking
    

SwiftCompile normal x86_64 /Users/melichan/dev/TimeBlocking/TimeBlocking/Features/Root/LoadingView.swift (in target 'TimeBlocking' from project 'TimeBlocking')
    cd /Users/melichan/dev/TimeBlocking
    

SwiftCompile normal x86_64 /Users/melichan/dev/TimeBlocking/TimeBlocking/Features/Root/OnboardingView.swift (in target 'TimeBlocking' from project 'TimeBlocking')
    cd /Users/melichan/dev/TimeBlocking
    

SwiftDriverJobDiscovery normal arm64 Emitting module for TimeBlocking (in target 'TimeBlocking' from project 'TimeBlocking')

SwiftDriver\ Compilation\ Requirements TimeBlocking normal arm64 com.apple.xcode.tools.swift.compiler (in target 'TimeBlocking' from project 'TimeBlocking')
    cd /Users/melichan/dev/TimeBlocking
    builtin-Swift-Compilation-Requirements -- /Applications/Xcode.app/Contents/Developer/Toolchains/XcodeDefault.xctoolchain/usr/bin/swiftc -module-name TimeBlocking -Onone -enforce-exclusivity\=checked @/Users/melichan/dev/TimeBlocking/build/TimeBlocking.build/Debug-iphonesimulator/TimeBlocking.build/Objects-normal/arm64/TimeBlocking.SwiftFileList -DDEBUG -default-isolation\=MainActor -enable-bare-slash-regex -enable-upcoming-feature DisableOutwardActorInference -enable-upcoming-feature InferSendableFromCaptures -enable-upcoming-feature GlobalActorIsolatedTypesUsability -enable-upcoming-feature MemberImportVisibility -enable-upcoming-feature InferIsolatedConformances -enable-upcoming-feature NonisolatedNonsendingByDefault -enable-experimental-feature DebugDescriptionMacro -sdk /Applications/Xcode.app/Contents/Developer/Platforms/iPhoneSimulator.platform/Developer/SDKs/iPhoneSimulator26.2.sdk -target arm64-apple-ios26.2-simulator -g -Xfrontend -serialize-debugging-options -enable-testing -Xcc -D_LIBCPP_HARDENING_MODE\=_LIBCPP_HARDENING_MODE_DEBUG -swift-version 5 -I /Users/melichan/dev/TimeBlocking/build/Debug-iphonesimulator -F /Users/melichan/dev/TimeBlocking/build/Debug-iphonesimulator -emit-localized-strings -emit-localized-strings-path /Users/melichan/dev/TimeBlocking/build/TimeBlocking.build/Debug-iphonesimulator/TimeBlocking.build/Objects-normal/arm64 -c -j8 -enable-batch-mode -incremental -Xcc -ivfsstatcache -Xcc /var/folders/ly/x8ps0c5n7clg2vps_mrgh66w0000gn/C/com.apple.DeveloperTools/26.2-17C52/Xcode/SDKStatCaches.noindex/iphonesimulator26.2-23C53-7d00a8b37fbd7999ea79df8ebc024bf0.sdkstatcache -output-file-map /Users/melichan/dev/TimeBlocking/build/TimeBlocking.build/Debug-iphonesimulator/TimeBlocking.build/Objects-normal/arm64/TimeBlocking-OutputFileMap.json -use-frontend-parseable-output -save-temps -no-color-diagnostics -explicit-module-build -module-cache-path /Users/melichan/dev/TimeBlocking/build/SwiftExplicitPrecompiledModules -serialize-diagnostics -emit-dependencies -emit-module -emit-module-path /Users/melichan/dev/TimeBlocking/build/TimeBlocking.build/Debug-iphonesimulator/TimeBlocking.build/Objects-normal/arm64/TimeBlocking.swiftmodule -validate-clang-modules-once -clang-build-session-file /var/folders/ly/x8ps0c5n7clg2vps_mrgh66w0000gn/C/org.llvm.clang/ModuleCache.noindex/Session.modulevalidation -Xcc -I/Users/melichan/dev/TimeBlocking/build/TimeBlocking.build/Debug-iphonesimulator/TimeBlocking.build/swift-overrides.hmap -emit-const-values -Xfrontend -const-gather-protocols-file -Xfrontend /Users/melichan/dev/TimeBlocking/build/TimeBlocking.build/Debug-iphonesimulator/TimeBlocking.build/Objects-normal/arm64/TimeBlocking_const_extract_protocols.json -Xcc -iquote -Xcc /Users/melichan/dev/TimeBlocking/build/TimeBlocking.build/Debug-iphonesimulator/TimeBlocking.build/TimeBlocking-generated-files.hmap -Xcc -I/Users/melichan/dev/TimeBlocking/build/TimeBlocking.build/Debug-iphonesimulator/TimeBlocking.build/TimeBlocking-own-target-headers.hmap -Xcc -I/Users/melichan/dev/TimeBlocking/build/TimeBlocking.build/Debug-iphonesimulator/TimeBlocking.build/TimeBlocking-all-target-headers.hmap -Xcc -iquote -Xcc /Users/melichan/dev/TimeBlocking/build/TimeBlocking.build/Debug-iphonesimulator/TimeBlocking.build/TimeBlocking-project-headers.hmap -Xcc -I/Users/melichan/dev/TimeBlocking/build/Debug-iphonesimulator/include -Xcc -I/Users/melichan/dev/TimeBlocking/build/TimeBlocking.build/Debug-iphonesimulator/TimeBlocking.build/DerivedSources-normal/arm64 -Xcc -I/Users/melichan/dev/TimeBlocking/build/TimeBlocking.build/Debug-iphonesimulator/TimeBlocking.build/DerivedSources/arm64 -Xcc -I/Users/melichan/dev/TimeBlocking/build/TimeBlocking.build/Debug-iphonesimulator/TimeBlocking.build/DerivedSources -Xcc -DDEBUG\=1 -emit-objc-header -emit-objc-header-path /Users/melichan/dev/TimeBlocking/build/TimeBlocking.build/Debug-iphonesimulator/TimeBlocking.build/Objects-normal/arm64/TimeBlocking-Swift.h -working-directory /Users/melichan/dev/TimeBlocking -experimental-emit-module-separately -disable-cmo

SwiftDriverJobDiscovery normal arm64 Compiling TimeHeaderView.swift, TimeSettingsComponents.swift, TimeSurfaceStyle.swift, TopHeadlineView.swift, WeekStripView.swift, TimeBlockingApp.swift, GeneratedAssetSymbols.swift (in target 'TimeBlocking' from project 'TimeBlocking')

SwiftCompile normal arm64 Compiling\ EmptyStateView.swift /Users/melichan/dev/TimeBlocking/TimeBlocking/Shared/UI/EmptyStateView.swift (in target 'TimeBlocking' from project 'TimeBlocking')

SwiftCompile normal arm64 /Users/melichan/dev/TimeBlocking/TimeBlocking/Shared/UI/EmptyStateView.swift (in target 'TimeBlocking' from project 'TimeBlocking')
    cd /Users/melichan/dev/TimeBlocking
    

Copy /Users/melichan/dev/TimeBlocking/build/Debug-iphonesimulator/TimeBlocking.swiftmodule/arm64-apple-ios-simulator.swiftmodule /Users/melichan/dev/TimeBlocking/build/TimeBlocking.build/Debug-iphonesimulator/TimeBlocking.build/Objects-normal/arm64/TimeBlocking.swiftmodule (in target 'TimeBlocking' from project 'TimeBlocking')
    cd /Users/melichan/dev/TimeBlocking
    builtin-copy -exclude .DS_Store -exclude CVS -exclude .svn -exclude .git -exclude .hg -resolve-src-symlinks -rename /Users/melichan/dev/TimeBlocking/build/TimeBlocking.build/Debug-iphonesimulator/TimeBlocking.build/Objects-normal/arm64/TimeBlocking.swiftmodule /Users/melichan/dev/TimeBlocking/build/Debug-iphonesimulator/TimeBlocking.swiftmodule/arm64-apple-ios-simulator.swiftmodule

SwiftDriverJobDiscovery normal arm64 Compiling EmptyStateView.swift (in target 'TimeBlocking' from project 'TimeBlocking')

Copy /Users/melichan/dev/TimeBlocking/build/Debug-iphonesimulator/TimeBlocking.swiftmodule/arm64-apple-ios-simulator.abi.json /Users/melichan/dev/TimeBlocking/build/TimeBlocking.build/Debug-iphonesimulator/TimeBlocking.build/Objects-normal/arm64/TimeBlocking.abi.json (in target 'TimeBlocking' from project 'TimeBlocking')
    cd /Users/melichan/dev/TimeBlocking
    builtin-copy -exclude .DS_Store -exclude CVS -exclude .svn -exclude .git -exclude .hg -resolve-src-symlinks -rename /Users/melichan/dev/TimeBlocking/build/TimeBlocking.build/Debug-iphonesimulator/TimeBlocking.build/Objects-normal/arm64/TimeBlocking.abi.json /Users/melichan/dev/TimeBlocking/build/Debug-iphonesimulator/TimeBlocking.swiftmodule/arm64-apple-ios-simulator.abi.json

Copy /Users/melichan/dev/TimeBlocking/build/Debug-iphonesimulator/TimeBlocking.swiftmodule/Project/arm64-apple-ios-simulator.swiftsourceinfo /Users/melichan/dev/TimeBlocking/build/TimeBlocking.build/Debug-iphonesimulator/TimeBlocking.build/Objects-normal/arm64/TimeBlocking.swiftsourceinfo (in target 'TimeBlocking' from project 'TimeBlocking')
    cd /Users/melichan/dev/TimeBlocking
    builtin-copy -exclude .DS_Store -exclude CVS -exclude .svn -exclude .git -exclude .hg -resolve-src-symlinks -rename /Users/melichan/dev/TimeBlocking/build/TimeBlocking.build/Debug-iphonesimulator/TimeBlocking.build/Objects-normal/arm64/TimeBlocking.swiftsourceinfo /Users/melichan/dev/TimeBlocking/build/Debug-iphonesimulator/TimeBlocking.swiftmodule/Project/arm64-apple-ios-simulator.swiftsourceinfo

SwiftCompile normal arm64 Compiling\ PremiumEmptyStateView.swift /Users/melichan/dev/TimeBlocking/TimeBlocking/Shared/UI/PremiumEmptyStateView.swift (in target 'TimeBlocking' from project 'TimeBlocking')

SwiftCompile normal arm64 /Users/melichan/dev/TimeBlocking/TimeBlocking/Shared/UI/PremiumEmptyStateView.swift (in target 'TimeBlocking' from project 'TimeBlocking')
    cd /Users/melichan/dev/TimeBlocking
    

SwiftCompile normal arm64 Compiling\ HapticManager.swift /Users/melichan/dev/TimeBlocking/TimeBlocking/Shared/UI/HapticManager.swift (in target 'TimeBlocking' from project 'TimeBlocking')

SwiftCompile normal arm64 /Users/melichan/dev/TimeBlocking/TimeBlocking/Shared/UI/HapticManager.swift (in target 'TimeBlocking' from project 'TimeBlocking')
    cd /Users/melichan/dev/TimeBlocking
    

SwiftDriverJobDiscovery normal arm64 Compiling PremiumEmptyStateView.swift (in target 'TimeBlocking' from project 'TimeBlocking')

SwiftCompile normal arm64 Compiling\ LockView.swift /Users/melichan/dev/TimeBlocking/TimeBlocking/Shared/UI/LockView.swift (in target 'TimeBlocking' from project 'TimeBlocking')

SwiftCompile normal arm64 /Users/melichan/dev/TimeBlocking/TimeBlocking/Shared/UI/LockView.swift (in target 'TimeBlocking' from project 'TimeBlocking')
    cd /Users/melichan/dev/TimeBlocking
    

SwiftDriverJobDiscovery normal arm64 Compiling HapticManager.swift (in target 'TimeBlocking' from project 'TimeBlocking')

SwiftCompile normal x86_64 Compiling\ RootView.swift,\ DayMoveRibbon.swift,\ DayTimelineView.swift,\ MonthlyPlanningView.swift,\ MoveHintCallout.swift,\ ScheduleBanners.swift,\ ScheduleMonthSupport.swift,\ SchedulePlanningGuidance.swift /Users/melichan/dev/TimeBlocking/TimeBlocking/Features/Root/RootView.swift /Users/melichan/dev/TimeBlocking/TimeBlocking/Features/Schedule/Components/DayMoveRibbon.swift /Users/melichan/dev/TimeBlocking/TimeBlocking/Features/Schedule/Components/DayTimelineView.swift /Users/melichan/dev/TimeBlocking/TimeBlocking/Features/Schedule/Components/MonthlyPlanningView.swift /Users/melichan/dev/TimeBlocking/TimeBlocking/Features/Schedule/Components/MoveHintCallout.swift /Users/melichan/dev/TimeBlocking/TimeBlocking/Features/Schedule/Components/ScheduleBanners.swift /Users/melichan/dev/TimeBlocking/TimeBlocking/Features/Schedule/Components/ScheduleMonthSupport.swift /Users/melichan/dev/TimeBlocking/TimeBlocking/Features/Schedule/Components/SchedulePlanningGuidance.swift (in target 'TimeBlocking' from project 'TimeBlocking')

SwiftCompile normal x86_64 /Users/melichan/dev/TimeBlocking/TimeBlocking/Features/Root/RootView.swift (in target 'TimeBlocking' from project 'TimeBlocking')
    cd /Users/melichan/dev/TimeBlocking
    

SwiftCompile normal x86_64 /Users/melichan/dev/TimeBlocking/TimeBlocking/Features/Schedule/Components/DayMoveRibbon.swift (in target 'TimeBlocking' from project 'TimeBlocking')
    cd /Users/melichan/dev/TimeBlocking
    

SwiftCompile normal x86_64 /Users/melichan/dev/TimeBlocking/TimeBlocking/Features/Schedule/Components/DayTimelineView.swift (in target 'TimeBlocking' from project 'TimeBlocking')
    cd /Users/melichan/dev/TimeBlocking
    

SwiftCompile normal x86_64 /Users/melichan/dev/TimeBlocking/TimeBlocking/Features/Schedule/Components/MonthlyPlanningView.swift (in target 'TimeBlocking' from project 'TimeBlocking')
    cd /Users/melichan/dev/TimeBlocking
    

SwiftCompile normal x86_64 /Users/melichan/dev/TimeBlocking/TimeBlocking/Features/Schedule/Components/MoveHintCallout.swift (in target 'TimeBlocking' from project 'TimeBlocking')
    cd /Users/melichan/dev/TimeBlocking
    

SwiftCompile normal x86_64 /Users/melichan/dev/TimeBlocking/TimeBlocking/Features/Schedule/Components/ScheduleBanners.swift (in target 'TimeBlocking' from project 'TimeBlocking')
    cd /Users/melichan/dev/TimeBlocking
    

SwiftCompile normal x86_64 /Users/melichan/dev/TimeBlocking/TimeBlocking/Features/Schedule/Components/ScheduleMonthSupport.swift (in target 'TimeBlocking' from project 'TimeBlocking')
    cd /Users/melichan/dev/TimeBlocking
    

SwiftCompile normal x86_64 /Users/melichan/dev/TimeBlocking/TimeBlocking/Features/Schedule/Components/SchedulePlanningGuidance.swift (in target 'TimeBlocking' from project 'TimeBlocking')
    cd /Users/melichan/dev/TimeBlocking
    

SwiftDriverJobDiscovery normal arm64 Compiling LockView.swift (in target 'TimeBlocking' from project 'TimeBlocking')

SwiftCompile normal x86_64 Compiling\ TimeSegmentedToggle.swift,\ TimeSettingsPickerButton.swift,\ SettingsView.swift,\ TimeBlockingEducationView.swift,\ TemplatesView.swift,\ AppPreferencesStore.swift,\ BootstrapActor.swift /Users/melichan/dev/TimeBlocking/TimeBlocking/Features/Settings/Components/TimeSegmentedToggle.swift /Users/melichan/dev/TimeBlocking/TimeBlocking/Features/Settings/Components/TimeSettingsPickerButton.swift /Users/melichan/dev/TimeBlocking/TimeBlocking/Features/Settings/SettingsView.swift /Users/melichan/dev/TimeBlocking/TimeBlocking/Features/Settings/TimeBlockingEducationView.swift /Users/melichan/dev/TimeBlocking/TimeBlocking/Features/Templates/TemplatesView.swift /Users/melichan/dev/TimeBlocking/TimeBlocking/Persistence/AppPreferencesStore.swift /Users/melichan/dev/TimeBlocking/TimeBlocking/Persistence/BootstrapActor.swift (in target 'TimeBlocking' from project 'TimeBlocking')

SwiftCompile normal x86_64 /Users/melichan/dev/TimeBlocking/TimeBlocking/Features/Settings/Components/TimeSegmentedToggle.swift (in target 'TimeBlocking' from project 'TimeBlocking')
    cd /Users/melichan/dev/TimeBlocking
    

SwiftCompile normal x86_64 /Users/melichan/dev/TimeBlocking/TimeBlocking/Features/Settings/Components/TimeSettingsPickerButton.swift (in target 'TimeBlocking' from project 'TimeBlocking')
    cd /Users/melichan/dev/TimeBlocking
    

SwiftCompile normal x86_64 /Users/melichan/dev/TimeBlocking/TimeBlocking/Features/Settings/SettingsView.swift (in target 'TimeBlocking' from project 'TimeBlocking')
    cd /Users/melichan/dev/TimeBlocking
    

SwiftCompile normal x86_64 /Users/melichan/dev/TimeBlocking/TimeBlocking/Features/Settings/TimeBlockingEducationView.swift (in target 'TimeBlocking' from project 'TimeBlocking')
    cd /Users/melichan/dev/TimeBlocking
    

SwiftCompile normal x86_64 /Users/melichan/dev/TimeBlocking/TimeBlocking/Features/Templates/TemplatesView.swift (in target 'TimeBlocking' from project 'TimeBlocking')
    cd /Users/melichan/dev/TimeBlocking
    

SwiftCompile normal x86_64 /Users/melichan/dev/TimeBlocking/TimeBlocking/Persistence/AppPreferencesStore.swift (in target 'TimeBlocking' from project 'TimeBlocking')
    cd /Users/melichan/dev/TimeBlocking
    

SwiftCompile normal x86_64 /Users/melichan/dev/TimeBlocking/TimeBlocking/Persistence/BootstrapActor.swift (in target 'TimeBlocking' from project 'TimeBlocking')
    cd /Users/melichan/dev/TimeBlocking
    

SwiftDriverJobDiscovery normal arm64 Compiling PersistenceController.swift, ScheduleRepository.swift, DataTransferManager.swift, SecurityManager.swift, AppIconView.swift, ButtonStyles.swift, TimeBlockRowView.swift (in target 'TimeBlocking' from project 'TimeBlocking')

SwiftCompile normal arm64 Compiling\ SegmentedToggle.swift /Users/melichan/dev/TimeBlocking/TimeBlocking/Shared/UI/SegmentedToggle.swift (in target 'TimeBlocking' from project 'TimeBlocking')

SwiftCompile normal arm64 /Users/melichan/dev/TimeBlocking/TimeBlocking/Shared/UI/SegmentedToggle.swift (in target 'TimeBlocking' from project 'TimeBlocking')
    cd /Users/melichan/dev/TimeBlocking
    

SwiftDriverJobDiscovery normal x86_64 Emitting module for TimeBlocking (in target 'TimeBlocking' from project 'TimeBlocking')

SwiftDriver\ Compilation\ Requirements TimeBlocking normal x86_64 com.apple.xcode.tools.swift.compiler (in target 'TimeBlocking' from project 'TimeBlocking')
    cd /Users/melichan/dev/TimeBlocking
    builtin-Swift-Compilation-Requirements -- /Applications/Xcode.app/Contents/Developer/Toolchains/XcodeDefault.xctoolchain/usr/bin/swiftc -module-name TimeBlocking -Onone -enforce-exclusivity\=checked @/Users/melichan/dev/TimeBlocking/build/TimeBlocking.build/Debug-iphonesimulator/TimeBlocking.build/Objects-normal/x86_64/TimeBlocking.SwiftFileList -DDEBUG -default-isolation\=MainActor -enable-bare-slash-regex -enable-upcoming-feature DisableOutwardActorInference -enable-upcoming-feature InferSendableFromCaptures -enable-upcoming-feature GlobalActorIsolatedTypesUsability -enable-upcoming-feature MemberImportVisibility -enable-upcoming-feature InferIsolatedConformances -enable-upcoming-feature NonisolatedNonsendingByDefault -enable-experimental-feature DebugDescriptionMacro -sdk /Applications/Xcode.app/Contents/Developer/Platforms/iPhoneSimulator.platform/Developer/SDKs/iPhoneSimulator26.2.sdk -target x86_64-apple-ios26.2-simulator -g -Xfrontend -serialize-debugging-options -enable-testing -Xcc -D_LIBCPP_HARDENING_MODE\=_LIBCPP_HARDENING_MODE_DEBUG -swift-version 5 -I /Users/melichan/dev/TimeBlocking/build/Debug-iphonesimulator -F /Users/melichan/dev/TimeBlocking/build/Debug-iphonesimulator -emit-localized-strings -emit-localized-strings-path /Users/melichan/dev/TimeBlocking/build/TimeBlocking.build/Debug-iphonesimulator/TimeBlocking.build/Objects-normal/x86_64 -c -j8 -enable-batch-mode -incremental -Xcc -ivfsstatcache -Xcc /var/folders/ly/x8ps0c5n7clg2vps_mrgh66w0000gn/C/com.apple.DeveloperTools/26.2-17C52/Xcode/SDKStatCaches.noindex/iphonesimulator26.2-23C53-7d00a8b37fbd7999ea79df8ebc024bf0.sdkstatcache -output-file-map /Users/melichan/dev/TimeBlocking/build/TimeBlocking.build/Debug-iphonesimulator/TimeBlocking.build/Objects-normal/x86_64/TimeBlocking-OutputFileMap.json -use-frontend-parseable-output -save-temps -no-color-diagnostics -explicit-module-build -module-cache-path /Users/melichan/dev/TimeBlocking/build/SwiftExplicitPrecompiledModules -serialize-diagnostics -emit-dependencies -emit-module -emit-module-path /Users/melichan/dev/TimeBlocking/build/TimeBlocking.build/Debug-iphonesimulator/TimeBlocking.build/Objects-normal/x86_64/TimeBlocking.swiftmodule -validate-clang-modules-once -clang-build-session-file /var/folders/ly/x8ps0c5n7clg2vps_mrgh66w0000gn/C/org.llvm.clang/ModuleCache.noindex/Session.modulevalidation -Xcc -I/Users/melichan/dev/TimeBlocking/build/TimeBlocking.build/Debug-iphonesimulator/TimeBlocking.build/swift-overrides.hmap -emit-const-values -Xfrontend -const-gather-protocols-file -Xfrontend /Users/melichan/dev/TimeBlocking/build/TimeBlocking.build/Debug-iphonesimulator/TimeBlocking.build/Objects-normal/x86_64/TimeBlocking_const_extract_protocols.json -Xcc -iquote -Xcc /Users/melichan/dev/TimeBlocking/build/TimeBlocking.build/Debug-iphonesimulator/TimeBlocking.build/TimeBlocking-generated-files.hmap -Xcc -I/Users/melichan/dev/TimeBlocking/build/TimeBlocking.build/Debug-iphonesimulator/TimeBlocking.build/TimeBlocking-own-target-headers.hmap -Xcc -I/Users/melichan/dev/TimeBlocking/build/TimeBlocking.build/Debug-iphonesimulator/TimeBlocking.build/TimeBlocking-all-target-headers.hmap -Xcc -iquote -Xcc /Users/melichan/dev/TimeBlocking/build/TimeBlocking.build/Debug-iphonesimulator/TimeBlocking.build/TimeBlocking-project-headers.hmap -Xcc -I/Users/melichan/dev/TimeBlocking/build/Debug-iphonesimulator/include -Xcc -I/Users/melichan/dev/TimeBlocking/build/TimeBlocking.build/Debug-iphonesimulator/TimeBlocking.build/DerivedSources-normal/x86_64 -Xcc -I/Users/melichan/dev/TimeBlocking/build/TimeBlocking.build/Debug-iphonesimulator/TimeBlocking.build/DerivedSources/x86_64 -Xcc -I/Users/melichan/dev/TimeBlocking/build/TimeBlocking.build/Debug-iphonesimulator/TimeBlocking.build/DerivedSources -Xcc -DDEBUG\=1 -emit-objc-header -emit-objc-header-path /Users/melichan/dev/TimeBlocking/build/TimeBlocking.build/Debug-iphonesimulator/TimeBlocking.build/Objects-normal/x86_64/TimeBlocking-Swift.h -working-directory /Users/melichan/dev/TimeBlocking -experimental-emit-module-separately -disable-cmo

SwiftDriverJobDiscovery normal arm64 Compiling SegmentedToggle.swift (in target 'TimeBlocking' from project 'TimeBlocking')

SwiftCompile normal x86_64 Compiling\ AddTimeBlockView.swift,\ ScheduleView.swift,\ TimeAboutSettingsView.swift,\ TimeAppearanceSettingsView.swift,\ TimeDataManagementSettingsView.swift,\ TimePortedSettingsSections.swift,\ TimeSchedulingSettingsView.swift,\ TimeSecuritySettingsView.swift /Users/melichan/dev/TimeBlocking/TimeBlocking/Features/Schedule/AddTimeBlockView.swift /Users/melichan/dev/TimeBlocking/TimeBlocking/Features/Schedule/ScheduleView.swift /Users/melichan/dev/TimeBlocking/TimeBlocking/Features/Settings/Components/TimeAboutSettingsView.swift /Users/melichan/dev/TimeBlocking/TimeBlocking/Features/Settings/Components/TimeAppearanceSettingsView.swift /Users/melichan/dev/TimeBlocking/TimeBlocking/Features/Settings/Components/TimeDataManagementSettingsView.swift /Users/melichan/dev/TimeBlocking/TimeBlocking/Features/Settings/Components/TimePortedSettingsSections.swift /Users/melichan/dev/TimeBlocking/TimeBlocking/Features/Settings/Components/TimeSchedulingSettingsView.swift /Users/melichan/dev/TimeBlocking/TimeBlocking/Features/Settings/Components/TimeSecuritySettingsView.swift (in target 'TimeBlocking' from project 'TimeBlocking')

SwiftCompile normal x86_64 /Users/melichan/dev/TimeBlocking/TimeBlocking/Features/Schedule/AddTimeBlockView.swift (in target 'TimeBlocking' from project 'TimeBlocking')
    cd /Users/melichan/dev/TimeBlocking
    

SwiftCompile normal x86_64 /Users/melichan/dev/TimeBlocking/TimeBlocking/Features/Schedule/ScheduleView.swift (in target 'TimeBlocking' from project 'TimeBlocking')
    cd /Users/melichan/dev/TimeBlocking
    

SwiftCompile normal x86_64 /Users/melichan/dev/TimeBlocking/TimeBlocking/Features/Settings/Components/TimeAboutSettingsView.swift (in target 'TimeBlocking' from project 'TimeBlocking')
    cd /Users/melichan/dev/TimeBlocking
    

SwiftCompile normal x86_64 /Users/melichan/dev/TimeBlocking/TimeBlocking/Features/Settings/Components/TimeAppearanceSettingsView.swift (in target 'TimeBlocking' from project 'TimeBlocking')
    cd /Users/melichan/dev/TimeBlocking
    

SwiftCompile normal x86_64 /Users/melichan/dev/TimeBlocking/TimeBlocking/Features/Settings/Components/TimeDataManagementSettingsView.swift (in target 'TimeBlocking' from project 'TimeBlocking')
    cd /Users/melichan/dev/TimeBlocking
    

SwiftCompile normal x86_64 /Users/melichan/dev/TimeBlocking/TimeBlocking/Features/Settings/Components/TimePortedSettingsSections.swift (in target 'TimeBlocking' from project 'TimeBlocking')
    cd /Users/melichan/dev/TimeBlocking
    

SwiftCompile normal x86_64 /Users/melichan/dev/TimeBlocking/TimeBlocking/Features/Settings/Components/TimeSchedulingSettingsView.swift (in target 'TimeBlocking' from project 'TimeBlocking')
    cd /Users/melichan/dev/TimeBlocking
    

SwiftCompile normal x86_64 /Users/melichan/dev/TimeBlocking/TimeBlocking/Features/Settings/Components/TimeSecuritySettingsView.swift (in target 'TimeBlocking' from project 'TimeBlocking')
    cd /Users/melichan/dev/TimeBlocking
    

Copy /Users/melichan/dev/TimeBlocking/build/Debug-iphonesimulator/TimeBlocking.swiftmodule/x86_64-apple-ios-simulator.swiftmodule /Users/melichan/dev/TimeBlocking/build/TimeBlocking.build/Debug-iphonesimulator/TimeBlocking.build/Objects-normal/x86_64/TimeBlocking.swiftmodule (in target 'TimeBlocking' from project 'TimeBlocking')
    cd /Users/melichan/dev/TimeBlocking
    builtin-copy -exclude .DS_Store -exclude CVS -exclude .svn -exclude .git -exclude .hg -resolve-src-symlinks -rename /Users/melichan/dev/TimeBlocking/build/TimeBlocking.build/Debug-iphonesimulator/TimeBlocking.build/Objects-normal/x86_64/TimeBlocking.swiftmodule /Users/melichan/dev/TimeBlocking/build/Debug-iphonesimulator/TimeBlocking.swiftmodule/x86_64-apple-ios-simulator.swiftmodule

SwiftDriverJobDiscovery normal arm64 Compiling AddTimeBlockView.swift, ScheduleView.swift, TimeAboutSettingsView.swift, TimeAppearanceSettingsView.swift, TimeDataManagementSettingsView.swift, TimePortedSettingsSections.swift, TimeSchedulingSettingsView.swift, TimeSecuritySettingsView.swift (in target 'TimeBlocking' from project 'TimeBlocking')

Copy /Users/melichan/dev/TimeBlocking/build/Debug-iphonesimulator/TimeBlocking.swiftmodule/x86_64-apple-ios-simulator.abi.json /Users/melichan/dev/TimeBlocking/build/TimeBlocking.build/Debug-iphonesimulator/TimeBlocking.build/Objects-normal/x86_64/TimeBlocking.abi.json (in target 'TimeBlocking' from project 'TimeBlocking')
    cd /Users/melichan/dev/TimeBlocking
    builtin-copy -exclude .DS_Store -exclude CVS -exclude .svn -exclude .git -exclude .hg -resolve-src-symlinks -rename /Users/melichan/dev/TimeBlocking/build/TimeBlocking.build/Debug-iphonesimulator/TimeBlocking.build/Objects-normal/x86_64/TimeBlocking.abi.json /Users/melichan/dev/TimeBlocking/build/Debug-iphonesimulator/TimeBlocking.swiftmodule/x86_64-apple-ios-simulator.abi.json

Copy /Users/melichan/dev/TimeBlocking/build/Debug-iphonesimulator/TimeBlocking.swiftmodule/Project/x86_64-apple-ios-simulator.swiftsourceinfo /Users/melichan/dev/TimeBlocking/build/TimeBlocking.build/Debug-iphonesimulator/TimeBlocking.build/Objects-normal/x86_64/TimeBlocking.swiftsourceinfo (in target 'TimeBlocking' from project 'TimeBlocking')
    cd /Users/melichan/dev/TimeBlocking
    builtin-copy -exclude .DS_Store -exclude CVS -exclude .svn -exclude .git -exclude .hg -resolve-src-symlinks -rename /Users/melichan/dev/TimeBlocking/build/TimeBlocking.build/Debug-iphonesimulator/TimeBlocking.build/Objects-normal/x86_64/TimeBlocking.swiftsourceinfo /Users/melichan/dev/TimeBlocking/build/Debug-iphonesimulator/TimeBlocking.swiftmodule/Project/x86_64-apple-ios-simulator.swiftsourceinfo

SwiftCompile normal x86_64 Compiling\ PersistenceController.swift,\ ScheduleRepository.swift,\ DataTransferManager.swift,\ SecurityManager.swift,\ AppIconView.swift,\ ButtonStyles.swift,\ TimeBlockRowView.swift /Users/melichan/dev/TimeBlocking/TimeBlocking/Persistence/PersistenceController.swift /Users/melichan/dev/TimeBlocking/TimeBlocking/Persistence/ScheduleRepository.swift /Users/melichan/dev/TimeBlocking/TimeBlocking/Shared/Services/DataTransferManager.swift /Users/melichan/dev/TimeBlocking/TimeBlocking/Shared/Services/SecurityManager.swift /Users/melichan/dev/TimeBlocking/TimeBlocking/Shared/UI/AppIconView.swift /Users/melichan/dev/TimeBlocking/TimeBlocking/Shared/UI/ButtonStyles.swift /Users/melichan/dev/TimeBlocking/TimeBlocking/Shared/UI/TimeBlockRowView.swift (in target 'TimeBlocking' from project 'TimeBlocking')

SwiftCompile normal x86_64 /Users/melichan/dev/TimeBlocking/TimeBlocking/Persistence/PersistenceController.swift (in target 'TimeBlocking' from project 'TimeBlocking')
    cd /Users/melichan/dev/TimeBlocking
    

SwiftCompile normal x86_64 /Users/melichan/dev/TimeBlocking/TimeBlocking/Persistence/ScheduleRepository.swift (in target 'TimeBlocking' from project 'TimeBlocking')
    cd /Users/melichan/dev/TimeBlocking
    

SwiftCompile normal x86_64 /Users/melichan/dev/TimeBlocking/TimeBlocking/Shared/Services/DataTransferManager.swift (in target 'TimeBlocking' from project 'TimeBlocking')
    cd /Users/melichan/dev/TimeBlocking
    

SwiftCompile normal x86_64 /Users/melichan/dev/TimeBlocking/TimeBlocking/Shared/Services/SecurityManager.swift (in target 'TimeBlocking' from project 'TimeBlocking')
    cd /Users/melichan/dev/TimeBlocking
    

SwiftCompile normal x86_64 /Users/melichan/dev/TimeBlocking/TimeBlocking/Shared/UI/AppIconView.swift (in target 'TimeBlocking' from project 'TimeBlocking')
    cd /Users/melichan/dev/TimeBlocking
    

SwiftCompile normal x86_64 /Users/melichan/dev/TimeBlocking/TimeBlocking/Shared/UI/ButtonStyles.swift (in target 'TimeBlocking' from project 'TimeBlocking')
    cd /Users/melichan/dev/TimeBlocking
    

SwiftCompile normal x86_64 /Users/melichan/dev/TimeBlocking/TimeBlocking/Shared/UI/TimeBlockRowView.swift (in target 'TimeBlocking' from project 'TimeBlocking')
    cd /Users/melichan/dev/TimeBlocking
    

SwiftDriverJobDiscovery normal arm64 Compiling ScheduleTimelineComponents.swift, TimeBlockBrainDumpComponents.swift, TimeBlockChecklists.swift, TimeBlockGeneralSetupComponents.swift, TimeBlockMainScreens.swift, TimeBlockSetupComponents.swift, TimeBlockSetupData.swift, WeeklyPlanningView.swift (in target 'TimeBlocking' from project 'TimeBlocking')

SwiftCompile normal arm64 Compiling\ TimeBlockHeaderView.swift /Users/melichan/dev/TimeBlocking/TimeBlocking/Shared/UI/TimeBlockHeaderView.swift (in target 'TimeBlocking' from project 'TimeBlocking')

SwiftCompile normal arm64 /Users/melichan/dev/TimeBlocking/TimeBlocking/Shared/UI/TimeBlockHeaderView.swift (in target 'TimeBlocking' from project 'TimeBlocking')
    cd /Users/melichan/dev/TimeBlocking
    

SwiftCompile normal arm64 Compiling\ LayoutMetrics.swift /Users/melichan/dev/TimeBlocking/TimeBlocking/Shared/UI/LayoutMetrics.swift (in target 'TimeBlocking' from project 'TimeBlocking')

SwiftCompile normal arm64 /Users/melichan/dev/TimeBlocking/TimeBlocking/Shared/UI/LayoutMetrics.swift (in target 'TimeBlocking' from project 'TimeBlocking')
    cd /Users/melichan/dev/TimeBlocking
    

SwiftDriverJobDiscovery normal arm64 Compiling RootView.swift, DayMoveRibbon.swift, DayTimelineView.swift, MonthlyPlanningView.swift, MoveHintCallout.swift, ScheduleBanners.swift, ScheduleMonthSupport.swift, SchedulePlanningGuidance.swift (in target 'TimeBlocking' from project 'TimeBlocking')

SwiftCompile normal x86_64 Compiling\ AppEnvironment.swift,\ AppSection.swift,\ TimeAppState.swift,\ TimeCalendarManager.swift,\ TimeNotificationManager.swift,\ AppPreferences.swift,\ BlockChecklistItem.swift,\ BrainDumpItem.swift /Users/melichan/dev/TimeBlocking/TimeBlocking/App/AppEnvironment.swift /Users/melichan/dev/TimeBlocking/TimeBlocking/App/AppSection.swift /Users/melichan/dev/TimeBlocking/TimeBlocking/App/TimeAppState.swift /Users/melichan/dev/TimeBlocking/TimeBlocking/App/TimeCalendarManager.swift /Users/melichan/dev/TimeBlocking/TimeBlocking/App/TimeNotificationManager.swift /Users/melichan/dev/TimeBlocking/TimeBlocking/Domain/Models/AppPreferences.swift /Users/melichan/dev/TimeBlocking/TimeBlocking/Domain/Models/BlockChecklistItem.swift /Users/melichan/dev/TimeBlocking/TimeBlocking/Domain/Models/BrainDumpItem.swift (in target 'TimeBlocking' from project 'TimeBlocking')

SwiftCompile normal x86_64 /Users/melichan/dev/TimeBlocking/TimeBlocking/App/AppEnvironment.swift (in target 'TimeBlocking' from project 'TimeBlocking')
    cd /Users/melichan/dev/TimeBlocking
    

SwiftCompile normal x86_64 /Users/melichan/dev/TimeBlocking/TimeBlocking/App/AppSection.swift (in target 'TimeBlocking' from project 'TimeBlocking')
    cd /Users/melichan/dev/TimeBlocking
    

SwiftCompile normal x86_64 /Users/melichan/dev/TimeBlocking/TimeBlocking/App/TimeAppState.swift (in target 'TimeBlocking' from project 'TimeBlocking')
    cd /Users/melichan/dev/TimeBlocking
    

SwiftCompile normal x86_64 /Users/melichan/dev/TimeBlocking/TimeBlocking/App/TimeCalendarManager.swift (in target 'TimeBlocking' from project 'TimeBlocking')
    cd /Users/melichan/dev/TimeBlocking
    

SwiftCompile normal x86_64 /Users/melichan/dev/TimeBlocking/TimeBlocking/App/TimeNotificationManager.swift (in target 'TimeBlocking' from project 'TimeBlocking')
    cd /Users/melichan/dev/TimeBlocking
    

SwiftCompile normal x86_64 /Users/melichan/dev/TimeBlocking/TimeBlocking/Domain/Models/AppPreferences.swift (in target 'TimeBlocking' from project 'TimeBlocking')
    cd /Users/melichan/dev/TimeBlocking
    

SwiftCompile normal x86_64 /Users/melichan/dev/TimeBlocking/TimeBlocking/Domain/Models/BlockChecklistItem.swift (in target 'TimeBlocking' from project 'TimeBlocking')
    cd /Users/melichan/dev/TimeBlocking
    

SwiftCompile normal x86_64 /Users/melichan/dev/TimeBlocking/TimeBlocking/Domain/Models/BrainDumpItem.swift (in target 'TimeBlocking' from project 'TimeBlocking')
    cd /Users/melichan/dev/TimeBlocking
    

SwiftDriverJobDiscovery normal arm64 Compiling TimeBlockHeaderView.swift (in target 'TimeBlocking' from project 'TimeBlocking')

SwiftCompile normal x86_64 Compiling\ ScheduleTimelineComponents.swift,\ TimeBlockBrainDumpComponents.swift,\ TimeBlockChecklists.swift,\ TimeBlockGeneralSetupComponents.swift,\ TimeBlockMainScreens.swift,\ TimeBlockSetupComponents.swift,\ TimeBlockSetupData.swift,\ WeeklyPlanningView.swift /Users/melichan/dev/TimeBlocking/TimeBlocking/Features/Schedule/Components/ScheduleTimelineComponents.swift /Users/melichan/dev/TimeBlocking/TimeBlocking/Features/Schedule/Components/TimeBlockBrainDumpComponents.swift /Users/melichan/dev/TimeBlocking/TimeBlocking/Features/Schedule/Components/TimeBlockChecklists.swift /Users/melichan/dev/TimeBlocking/TimeBlocking/Features/Schedule/Components/TimeBlockGeneralSetupComponents.swift /Users/melichan/dev/TimeBlocking/TimeBlocking/Features/Schedule/Components/TimeBlockMainScreens.swift /Users/melichan/dev/TimeBlocking/TimeBlocking/Features/Schedule/Components/TimeBlockSetupComponents.swift /Users/melichan/dev/TimeBlocking/TimeBlocking/Features/Schedule/Components/TimeBlockSetupData.swift /Users/melichan/dev/TimeBlocking/TimeBlocking/Features/Schedule/Components/WeeklyPlanningView.swift (in target 'TimeBlocking' from project 'TimeBlocking')

SwiftCompile normal x86_64 /Users/melichan/dev/TimeBlocking/TimeBlocking/Features/Schedule/Components/ScheduleTimelineComponents.swift (in target 'TimeBlocking' from project 'TimeBlocking')
    cd /Users/melichan/dev/TimeBlocking
    

SwiftCompile normal x86_64 /Users/melichan/dev/TimeBlocking/TimeBlocking/Features/Schedule/Components/TimeBlockBrainDumpComponents.swift (in target 'TimeBlocking' from project 'TimeBlocking')
    cd /Users/melichan/dev/TimeBlocking
    

SwiftCompile normal x86_64 /Users/melichan/dev/TimeBlocking/TimeBlocking/Features/Schedule/Components/TimeBlockChecklists.swift (in target 'TimeBlocking' from project 'TimeBlocking')
    cd /Users/melichan/dev/TimeBlocking
    

SwiftCompile normal x86_64 /Users/melichan/dev/TimeBlocking/TimeBlocking/Features/Schedule/Components/TimeBlockGeneralSetupComponents.swift (in target 'TimeBlocking' from project 'TimeBlocking')
    cd /Users/melichan/dev/TimeBlocking
    

SwiftCompile normal x86_64 /Users/melichan/dev/TimeBlocking/TimeBlocking/Features/Schedule/Components/TimeBlockMainScreens.swift (in target 'TimeBlocking' from project 'TimeBlocking')
    cd /Users/melichan/dev/TimeBlocking
    

SwiftCompile normal x86_64 /Users/melichan/dev/TimeBlocking/TimeBlocking/Features/Schedule/Components/TimeBlockSetupComponents.swift (in target 'TimeBlocking' from project 'TimeBlocking')
    cd /Users/melichan/dev/TimeBlocking
    

SwiftCompile normal x86_64 /Users/melichan/dev/TimeBlocking/TimeBlocking/Features/Schedule/Components/TimeBlockSetupData.swift (in target 'TimeBlocking' from project 'TimeBlocking')
    cd /Users/melichan/dev/TimeBlocking
    

SwiftCompile normal x86_64 /Users/melichan/dev/TimeBlocking/TimeBlocking/Features/Schedule/Components/WeeklyPlanningView.swift (in target 'TimeBlocking' from project 'TimeBlocking')
    cd /Users/melichan/dev/TimeBlocking
    

SwiftDriverJobDiscovery normal arm64 Compiling LayoutMetrics.swift (in target 'TimeBlocking' from project 'TimeBlocking')

SwiftCompile normal arm64 Compiling\ ConfettiView.swift /Users/melichan/dev/TimeBlocking/TimeBlocking/Shared/UI/ConfettiView.swift (in target 'TimeBlocking' from project 'TimeBlocking')

SwiftCompile normal arm64 /Users/melichan/dev/TimeBlocking/TimeBlocking/Shared/UI/ConfettiView.swift (in target 'TimeBlocking' from project 'TimeBlocking')
    cd /Users/melichan/dev/TimeBlocking
    

SwiftDriverJobDiscovery normal x86_64 Compiling TimeSegmentedToggle.swift, TimeSettingsPickerButton.swift, SettingsView.swift, TimeBlockingEducationView.swift, TemplatesView.swift, AppPreferencesStore.swift, BootstrapActor.swift (in target 'TimeBlocking' from project 'TimeBlocking')

SwiftCompile normal x86_64 Compiling\ LockView.swift /Users/melichan/dev/TimeBlocking/TimeBlocking/Shared/UI/LockView.swift (in target 'TimeBlocking' from project 'TimeBlocking')

SwiftCompile normal x86_64 /Users/melichan/dev/TimeBlocking/TimeBlocking/Shared/UI/LockView.swift (in target 'TimeBlocking' from project 'TimeBlocking')
    cd /Users/melichan/dev/TimeBlocking
    

SwiftDriverJobDiscovery normal arm64 Compiling ConfettiView.swift (in target 'TimeBlocking' from project 'TimeBlocking')

SwiftCompile normal x86_64 Compiling\ PremiumEmptyStateView.swift /Users/melichan/dev/TimeBlocking/TimeBlocking/Shared/UI/PremiumEmptyStateView.swift (in target 'TimeBlocking' from project 'TimeBlocking')

SwiftCompile normal x86_64 /Users/melichan/dev/TimeBlocking/TimeBlocking/Shared/UI/PremiumEmptyStateView.swift (in target 'TimeBlocking' from project 'TimeBlocking')
    cd /Users/melichan/dev/TimeBlocking
    

SwiftDriverJobDiscovery normal x86_64 Compiling AppEnvironment.swift, AppSection.swift, TimeAppState.swift, TimeCalendarManager.swift, TimeNotificationManager.swift, AppPreferences.swift, BlockChecklistItem.swift, BrainDumpItem.swift (in target 'TimeBlocking' from project 'TimeBlocking')

SwiftCompile normal x86_64 Compiling\ TimeBlockHeaderView.swift /Users/melichan/dev/TimeBlocking/TimeBlocking/Shared/UI/TimeBlockHeaderView.swift (in target 'TimeBlocking' from project 'TimeBlocking')

SwiftCompile normal x86_64 /Users/melichan/dev/TimeBlocking/TimeBlocking/Shared/UI/TimeBlockHeaderView.swift (in target 'TimeBlocking' from project 'TimeBlocking')
    cd /Users/melichan/dev/TimeBlocking
    

SwiftDriverJobDiscovery normal x86_64 Compiling LockView.swift (in target 'TimeBlocking' from project 'TimeBlocking')

SwiftCompile normal x86_64 Compiling\ ConfettiView.swift /Users/melichan/dev/TimeBlocking/TimeBlocking/Shared/UI/ConfettiView.swift (in target 'TimeBlocking' from project 'TimeBlocking')

SwiftCompile normal x86_64 /Users/melichan/dev/TimeBlocking/TimeBlocking/Shared/UI/ConfettiView.swift (in target 'TimeBlocking' from project 'TimeBlocking')
    cd /Users/melichan/dev/TimeBlocking
    

SwiftDriverJobDiscovery normal x86_64 Compiling PremiumEmptyStateView.swift (in target 'TimeBlocking' from project 'TimeBlocking')

SwiftCompile normal x86_64 Compiling\ HapticManager.swift /Users/melichan/dev/TimeBlocking/TimeBlocking/Shared/UI/HapticManager.swift (in target 'TimeBlocking' from project 'TimeBlocking')

SwiftCompile normal x86_64 /Users/melichan/dev/TimeBlocking/TimeBlocking/Shared/UI/HapticManager.swift (in target 'TimeBlocking' from project 'TimeBlocking')
    cd /Users/melichan/dev/TimeBlocking
    

SwiftDriverJobDiscovery normal x86_64 Compiling ConfettiView.swift (in target 'TimeBlocking' from project 'TimeBlocking')

SwiftCompile normal x86_64 Compiling\ EmptyStateView.swift /Users/melichan/dev/TimeBlocking/TimeBlocking/Shared/UI/EmptyStateView.swift (in target 'TimeBlocking' from project 'TimeBlocking')

SwiftCompile normal x86_64 /Users/melichan/dev/TimeBlocking/TimeBlocking/Shared/UI/EmptyStateView.swift (in target 'TimeBlocking' from project 'TimeBlocking')
    cd /Users/melichan/dev/TimeBlocking
    

SwiftDriverJobDiscovery normal x86_64 Compiling PersistenceController.swift, ScheduleRepository.swift, DataTransferManager.swift, SecurityManager.swift, AppIconView.swift, ButtonStyles.swift, TimeBlockRowView.swift (in target 'TimeBlocking' from project 'TimeBlocking')

SwiftCompile normal x86_64 Compiling\ SegmentedToggle.swift /Users/melichan/dev/TimeBlocking/TimeBlocking/Shared/UI/SegmentedToggle.swift (in target 'TimeBlocking' from project 'TimeBlocking')

SwiftCompile normal x86_64 /Users/melichan/dev/TimeBlocking/TimeBlocking/Shared/UI/SegmentedToggle.swift (in target 'TimeBlocking' from project 'TimeBlocking')
    cd /Users/melichan/dev/TimeBlocking
    

SwiftDriverJobDiscovery normal x86_64 Compiling TimeBlockHeaderView.swift (in target 'TimeBlocking' from project 'TimeBlocking')

SwiftCompile normal x86_64 Compiling\ TimeHeaderView.swift,\ TimeSettingsComponents.swift,\ TimeSurfaceStyle.swift,\ TopHeadlineView.swift,\ WeekStripView.swift,\ TimeBlockingApp.swift,\ GeneratedAssetSymbols.swift /Users/melichan/dev/TimeBlocking/TimeBlocking/Shared/UI/TimeHeaderView.swift /Users/melichan/dev/TimeBlocking/TimeBlocking/Shared/UI/TimeSettingsComponents.swift /Users/melichan/dev/TimeBlocking/TimeBlocking/Shared/UI/TimeSurfaceStyle.swift /Users/melichan/dev/TimeBlocking/TimeBlocking/Shared/UI/TopHeadlineView.swift /Users/melichan/dev/TimeBlocking/TimeBlocking/Shared/UI/WeekStripView.swift /Users/melichan/dev/TimeBlocking/TimeBlocking/TimeBlockingApp.swift /Users/melichan/dev/TimeBlocking/build/TimeBlocking.build/Debug-iphonesimulator/TimeBlocking.build/DerivedSources/GeneratedAssetSymbols.swift (in target 'TimeBlocking' from project 'TimeBlocking')

SwiftCompile normal x86_64 /Users/melichan/dev/TimeBlocking/TimeBlocking/Shared/UI/TimeHeaderView.swift (in target 'TimeBlocking' from project 'TimeBlocking')
    cd /Users/melichan/dev/TimeBlocking
    

SwiftCompile normal x86_64 /Users/melichan/dev/TimeBlocking/TimeBlocking/Shared/UI/TimeSettingsComponents.swift (in target 'TimeBlocking' from project 'TimeBlocking')
    cd /Users/melichan/dev/TimeBlocking
    

SwiftCompile normal x86_64 /Users/melichan/dev/TimeBlocking/TimeBlocking/Shared/UI/TimeSurfaceStyle.swift (in target 'TimeBlocking' from project 'TimeBlocking')
    cd /Users/melichan/dev/TimeBlocking
    

SwiftCompile normal x86_64 /Users/melichan/dev/TimeBlocking/TimeBlocking/Shared/UI/TopHeadlineView.swift (in target 'TimeBlocking' from project 'TimeBlocking')
    cd /Users/melichan/dev/TimeBlocking
    

SwiftCompile normal x86_64 /Users/melichan/dev/TimeBlocking/TimeBlocking/Shared/UI/WeekStripView.swift (in target 'TimeBlocking' from project 'TimeBlocking')
    cd /Users/melichan/dev/TimeBlocking
    

SwiftCompile normal x86_64 /Users/melichan/dev/TimeBlocking/TimeBlocking/TimeBlockingApp.swift (in target 'TimeBlocking' from project 'TimeBlocking')
    cd /Users/melichan/dev/TimeBlocking
    

SwiftCompile normal x86_64 /Users/melichan/dev/TimeBlocking/build/TimeBlocking.build/Debug-iphonesimulator/TimeBlocking.build/DerivedSources/GeneratedAssetSymbols.swift (in target 'TimeBlocking' from project 'TimeBlocking')
    cd /Users/melichan/dev/TimeBlocking
    

SwiftDriverJobDiscovery normal x86_64 Compiling HapticManager.swift (in target 'TimeBlocking' from project 'TimeBlocking')

SwiftCompile normal arm64 Compiling\ TimeSegmentedToggle.swift,\ TimeSettingsPickerButton.swift,\ SettingsView.swift,\ TimeBlockingEducationView.swift,\ TemplatesView.swift,\ AppPreferencesStore.swift,\ BootstrapActor.swift /Users/melichan/dev/TimeBlocking/TimeBlocking/Features/Settings/Components/TimeSegmentedToggle.swift /Users/melichan/dev/TimeBlocking/TimeBlocking/Features/Settings/Components/TimeSettingsPickerButton.swift /Users/melichan/dev/TimeBlocking/TimeBlocking/Features/Settings/SettingsView.swift /Users/melichan/dev/TimeBlocking/TimeBlocking/Features/Settings/TimeBlockingEducationView.swift /Users/melichan/dev/TimeBlocking/TimeBlocking/Features/Templates/TemplatesView.swift /Users/melichan/dev/TimeBlocking/TimeBlocking/Persistence/AppPreferencesStore.swift /Users/melichan/dev/TimeBlocking/TimeBlocking/Persistence/BootstrapActor.swift (in target 'TimeBlocking' from project 'TimeBlocking')

SwiftCompile normal arm64 /Users/melichan/dev/TimeBlocking/TimeBlocking/Features/Settings/Components/TimeSegmentedToggle.swift (in target 'TimeBlocking' from project 'TimeBlocking')
    cd /Users/melichan/dev/TimeBlocking
    

SwiftCompile normal arm64 /Users/melichan/dev/TimeBlocking/TimeBlocking/Features/Settings/Components/TimeSettingsPickerButton.swift (in target 'TimeBlocking' from project 'TimeBlocking')
    cd /Users/melichan/dev/TimeBlocking
    

SwiftCompile normal arm64 /Users/melichan/dev/TimeBlocking/TimeBlocking/Features/Settings/SettingsView.swift (in target 'TimeBlocking' from project 'TimeBlocking')
    cd /Users/melichan/dev/TimeBlocking
    

SwiftCompile normal arm64 /Users/melichan/dev/TimeBlocking/TimeBlocking/Features/Settings/TimeBlockingEducationView.swift (in target 'TimeBlocking' from project 'TimeBlocking')
    cd /Users/melichan/dev/TimeBlocking
    

SwiftCompile normal arm64 /Users/melichan/dev/TimeBlocking/TimeBlocking/Features/Templates/TemplatesView.swift (in target 'TimeBlocking' from project 'TimeBlocking')
    cd /Users/melichan/dev/TimeBlocking
    

SwiftCompile normal arm64 /Users/melichan/dev/TimeBlocking/TimeBlocking/Persistence/AppPreferencesStore.swift (in target 'TimeBlocking' from project 'TimeBlocking')
    cd /Users/melichan/dev/TimeBlocking
    

SwiftCompile normal arm64 /Users/melichan/dev/TimeBlocking/TimeBlocking/Persistence/BootstrapActor.swift (in target 'TimeBlocking' from project 'TimeBlocking')
    cd /Users/melichan/dev/TimeBlocking
    

SwiftDriverJobDiscovery normal x86_64 Compiling EmptyStateView.swift (in target 'TimeBlocking' from project 'TimeBlocking')

SwiftDriverJobDiscovery normal x86_64 Compiling SegmentedToggle.swift (in target 'TimeBlocking' from project 'TimeBlocking')

SwiftDriverJobDiscovery normal x86_64 Compiling AddTimeBlockView.swift, ScheduleView.swift, TimeAboutSettingsView.swift, TimeAppearanceSettingsView.swift, TimeDataManagementSettingsView.swift, TimePortedSettingsSections.swift, TimeSchedulingSettingsView.swift, TimeSecuritySettingsView.swift (in target 'TimeBlocking' from project 'TimeBlocking')

SwiftDriverJobDiscovery normal x86_64 Compiling RootView.swift, DayMoveRibbon.swift, DayTimelineView.swift, MonthlyPlanningView.swift, MoveHintCallout.swift, ScheduleBanners.swift, ScheduleMonthSupport.swift, SchedulePlanningGuidance.swift (in target 'TimeBlocking' from project 'TimeBlocking')

SwiftDriverJobDiscovery normal x86_64 Compiling TimeHeaderView.swift, TimeSettingsComponents.swift, TimeSurfaceStyle.swift, TopHeadlineView.swift, WeekStripView.swift, TimeBlockingApp.swift, GeneratedAssetSymbols.swift (in target 'TimeBlocking' from project 'TimeBlocking')

SwiftCompile normal x86_64 Compiling\ LayoutMetrics.swift /Users/melichan/dev/TimeBlocking/TimeBlocking/Shared/UI/LayoutMetrics.swift (in target 'TimeBlocking' from project 'TimeBlocking')

SwiftCompile normal x86_64 /Users/melichan/dev/TimeBlocking/TimeBlocking/Shared/UI/LayoutMetrics.swift (in target 'TimeBlocking' from project 'TimeBlocking')
    cd /Users/melichan/dev/TimeBlocking
    

SwiftDriverJobDiscovery normal x86_64 Compiling LayoutMetrics.swift (in target 'TimeBlocking' from project 'TimeBlocking')

SwiftDriverJobDiscovery normal x86_64 Compiling ScheduleTimelineComponents.swift, TimeBlockBrainDumpComponents.swift, TimeBlockChecklists.swift, TimeBlockGeneralSetupComponents.swift, TimeBlockMainScreens.swift, TimeBlockSetupComponents.swift, TimeBlockSetupData.swift, WeeklyPlanningView.swift (in target 'TimeBlocking' from project 'TimeBlocking')

SwiftDriverJobDiscovery normal arm64 Compiling TimeSegmentedToggle.swift, TimeSettingsPickerButton.swift, SettingsView.swift, TimeBlockingEducationView.swift, TemplatesView.swift, AppPreferencesStore.swift, BootstrapActor.swift (in target 'TimeBlocking' from project 'TimeBlocking')

SwiftDriverJobDiscovery normal arm64 Compiling ScheduleTemplate.swift, TimeBlock.swift, DashboardInsightsView.swift, DashboardInsightsViewModel.swift, DashboardTrendChart.swift, DashboardView.swift, LoadingView.swift, OnboardingView.swift (in target 'TimeBlocking' from project 'TimeBlocking')

SwiftDriver\ Compilation TimeBlocking normal arm64 com.apple.xcode.tools.swift.compiler (in target 'TimeBlocking' from project 'TimeBlocking')
    cd /Users/melichan/dev/TimeBlocking
    builtin-Swift-Compilation -- /Applications/Xcode.app/Contents/Developer/Toolchains/XcodeDefault.xctoolchain/usr/bin/swiftc -module-name TimeBlocking -Onone -enforce-exclusivity\=checked @/Users/melichan/dev/TimeBlocking/build/TimeBlocking.build/Debug-iphonesimulator/TimeBlocking.build/Objects-normal/arm64/TimeBlocking.SwiftFileList -DDEBUG -default-isolation\=MainActor -enable-bare-slash-regex -enable-upcoming-feature DisableOutwardActorInference -enable-upcoming-feature InferSendableFromCaptures -enable-upcoming-feature GlobalActorIsolatedTypesUsability -enable-upcoming-feature MemberImportVisibility -enable-upcoming-feature InferIsolatedConformances -enable-upcoming-feature NonisolatedNonsendingByDefault -enable-experimental-feature DebugDescriptionMacro -sdk /Applications/Xcode.app/Contents/Developer/Platforms/iPhoneSimulator.platform/Developer/SDKs/iPhoneSimulator26.2.sdk -target arm64-apple-ios26.2-simulator -g -Xfrontend -serialize-debugging-options -enable-testing -Xcc -D_LIBCPP_HARDENING_MODE\=_LIBCPP_HARDENING_MODE_DEBUG -swift-version 5 -I /Users/melichan/dev/TimeBlocking/build/Debug-iphonesimulator -F /Users/melichan/dev/TimeBlocking/build/Debug-iphonesimulator -emit-localized-strings -emit-localized-strings-path /Users/melichan/dev/TimeBlocking/build/TimeBlocking.build/Debug-iphonesimulator/TimeBlocking.build/Objects-normal/arm64 -c -j8 -enable-batch-mode -incremental -Xcc -ivfsstatcache -Xcc /var/folders/ly/x8ps0c5n7clg2vps_mrgh66w0000gn/C/com.apple.DeveloperTools/26.2-17C52/Xcode/SDKStatCaches.noindex/iphonesimulator26.2-23C53-7d00a8b37fbd7999ea79df8ebc024bf0.sdkstatcache -output-file-map /Users/melichan/dev/TimeBlocking/build/TimeBlocking.build/Debug-iphonesimulator/TimeBlocking.build/Objects-normal/arm64/TimeBlocking-OutputFileMap.json -use-frontend-parseable-output -save-temps -no-color-diagnostics -explicit-module-build -module-cache-path /Users/melichan/dev/TimeBlocking/build/SwiftExplicitPrecompiledModules -serialize-diagnostics -emit-dependencies -emit-module -emit-module-path /Users/melichan/dev/TimeBlocking/build/TimeBlocking.build/Debug-iphonesimulator/TimeBlocking.build/Objects-normal/arm64/TimeBlocking.swiftmodule -validate-clang-modules-once -clang-build-session-file /var/folders/ly/x8ps0c5n7clg2vps_mrgh66w0000gn/C/org.llvm.clang/ModuleCache.noindex/Session.modulevalidation -Xcc -I/Users/melichan/dev/TimeBlocking/build/TimeBlocking.build/Debug-iphonesimulator/TimeBlocking.build/swift-overrides.hmap -emit-const-values -Xfrontend -const-gather-protocols-file -Xfrontend /Users/melichan/dev/TimeBlocking/build/TimeBlocking.build/Debug-iphonesimulator/TimeBlocking.build/Objects-normal/arm64/TimeBlocking_const_extract_protocols.json -Xcc -iquote -Xcc /Users/melichan/dev/TimeBlocking/build/TimeBlocking.build/Debug-iphonesimulator/TimeBlocking.build/TimeBlocking-generated-files.hmap -Xcc -I/Users/melichan/dev/TimeBlocking/build/TimeBlocking.build/Debug-iphonesimulator/TimeBlocking.build/TimeBlocking-own-target-headers.hmap -Xcc -I/Users/melichan/dev/TimeBlocking/build/TimeBlocking.build/Debug-iphonesimulator/TimeBlocking.build/TimeBlocking-all-target-headers.hmap -Xcc -iquote -Xcc /Users/melichan/dev/TimeBlocking/build/TimeBlocking.build/Debug-iphonesimulator/TimeBlocking.build/TimeBlocking-project-headers.hmap -Xcc -I/Users/melichan/dev/TimeBlocking/build/Debug-iphonesimulator/include -Xcc -I/Users/melichan/dev/TimeBlocking/build/TimeBlocking.build/Debug-iphonesimulator/TimeBlocking.build/DerivedSources-normal/arm64 -Xcc -I/Users/melichan/dev/TimeBlocking/build/TimeBlocking.build/Debug-iphonesimulator/TimeBlocking.build/DerivedSources/arm64 -Xcc -I/Users/melichan/dev/TimeBlocking/build/TimeBlocking.build/Debug-iphonesimulator/TimeBlocking.build/DerivedSources -Xcc -DDEBUG\=1 -emit-objc-header -emit-objc-header-path /Users/melichan/dev/TimeBlocking/build/TimeBlocking.build/Debug-iphonesimulator/TimeBlocking.build/Objects-normal/arm64/TimeBlocking-Swift.h -working-directory /Users/melichan/dev/TimeBlocking -experimental-emit-module-separately -disable-cmo

Ld /Users/melichan/dev/TimeBlocking/build/TimeBlocking.build/Debug-iphonesimulator/TimeBlocking.build/Objects-normal/arm64/Binary/TimeBlocking normal arm64 (in target 'TimeBlocking' from project 'TimeBlocking')
    cd /Users/melichan/dev/TimeBlocking
    /Applications/Xcode.app/Contents/Developer/Toolchains/XcodeDefault.xctoolchain/usr/bin/clang -Xlinker -reproducible -target arm64-apple-ios26.2-simulator -isysroot /Applications/Xcode.app/Contents/Developer/Platforms/iPhoneSimulator.platform/Developer/SDKs/iPhoneSimulator26.2.sdk -O0 -L/Users/melichan/dev/TimeBlocking/build/EagerLinkingTBDs/Debug-iphonesimulator -L/Users/melichan/dev/TimeBlocking/build/Debug-iphonesimulator -F/Users/melichan/dev/TimeBlocking/build/EagerLinkingTBDs/Debug-iphonesimulator -F/Users/melichan/dev/TimeBlocking/build/Debug-iphonesimulator -filelist /Users/melichan/dev/TimeBlocking/build/TimeBlocking.build/Debug-iphonesimulator/TimeBlocking.build/Objects-normal/arm64/TimeBlocking.LinkFileList -Xlinker -rpath -Xlinker @executable_path/Frameworks -dead_strip -Xlinker -object_path_lto -Xlinker /Users/melichan/dev/TimeBlocking/build/TimeBlocking.build/Debug-iphonesimulator/TimeBlocking.build/Objects-normal/arm64/TimeBlocking_lto.o -rdynamic -Xlinker -no_deduplicate -Xlinker -objc_abi_version -Xlinker 2 -Xlinker -dependency_info -Xlinker /Users/melichan/dev/TimeBlocking/build/TimeBlocking.build/Debug-iphonesimulator/TimeBlocking.build/Objects-normal/arm64/TimeBlocking_dependency_info.dat -fobjc-link-runtime -L/Applications/Xcode.app/Contents/Developer/Toolchains/XcodeDefault.xctoolchain/usr/lib/swift/iphonesimulator -L/usr/lib/swift -Xlinker -add_ast_path -Xlinker /Users/melichan/dev/TimeBlocking/build/TimeBlocking.build/Debug-iphonesimulator/TimeBlocking.build/Objects-normal/arm64/TimeBlocking.swiftmodule @/Users/melichan/dev/TimeBlocking/build/TimeBlocking.build/Debug-iphonesimulator/TimeBlocking.build/Objects-normal/arm64/TimeBlocking-linker-args.resp -Xlinker -sectcreate -Xlinker __TEXT -Xlinker __entitlements -Xlinker /Users/melichan/dev/TimeBlocking/build/TimeBlocking.build/Debug-iphonesimulator/TimeBlocking.build/TimeBlocking.app-Simulated.xcent -Xlinker -sectcreate -Xlinker __TEXT -Xlinker __ents_der -Xlinker /Users/melichan/dev/TimeBlocking/build/TimeBlocking.build/Debug-iphonesimulator/TimeBlocking.build/TimeBlocking.app-Simulated.xcent.der -Xlinker -no_adhoc_codesign -o /Users/melichan/dev/TimeBlocking/build/TimeBlocking.build/Debug-iphonesimulator/TimeBlocking.build/Objects-normal/arm64/Binary/TimeBlocking

SwiftDriverJobDiscovery normal x86_64 Compiling ScheduleTemplate.swift, TimeBlock.swift, DashboardInsightsView.swift, DashboardInsightsViewModel.swift, DashboardTrendChart.swift, DashboardView.swift, LoadingView.swift, OnboardingView.swift (in target 'TimeBlocking' from project 'TimeBlocking')

SwiftDriver\ Compilation TimeBlocking normal x86_64 com.apple.xcode.tools.swift.compiler (in target 'TimeBlocking' from project 'TimeBlocking')
    cd /Users/melichan/dev/TimeBlocking
    builtin-Swift-Compilation -- /Applications/Xcode.app/Contents/Developer/Toolchains/XcodeDefault.xctoolchain/usr/bin/swiftc -module-name TimeBlocking -Onone -enforce-exclusivity\=checked @/Users/melichan/dev/TimeBlocking/build/TimeBlocking.build/Debug-iphonesimulator/TimeBlocking.build/Objects-normal/x86_64/TimeBlocking.SwiftFileList -DDEBUG -default-isolation\=MainActor -enable-bare-slash-regex -enable-upcoming-feature DisableOutwardActorInference -enable-upcoming-feature InferSendableFromCaptures -enable-upcoming-feature GlobalActorIsolatedTypesUsability -enable-upcoming-feature MemberImportVisibility -enable-upcoming-feature InferIsolatedConformances -enable-upcoming-feature NonisolatedNonsendingByDefault -enable-experimental-feature DebugDescriptionMacro -sdk /Applications/Xcode.app/Contents/Developer/Platforms/iPhoneSimulator.platform/Developer/SDKs/iPhoneSimulator26.2.sdk -target x86_64-apple-ios26.2-simulator -g -Xfrontend -serialize-debugging-options -enable-testing -Xcc -D_LIBCPP_HARDENING_MODE\=_LIBCPP_HARDENING_MODE_DEBUG -swift-version 5 -I /Users/melichan/dev/TimeBlocking/build/Debug-iphonesimulator -F /Users/melichan/dev/TimeBlocking/build/Debug-iphonesimulator -emit-localized-strings -emit-localized-strings-path /Users/melichan/dev/TimeBlocking/build/TimeBlocking.build/Debug-iphonesimulator/TimeBlocking.build/Objects-normal/x86_64 -c -j8 -enable-batch-mode -incremental -Xcc -ivfsstatcache -Xcc /var/folders/ly/x8ps0c5n7clg2vps_mrgh66w0000gn/C/com.apple.DeveloperTools/26.2-17C52/Xcode/SDKStatCaches.noindex/iphonesimulator26.2-23C53-7d00a8b37fbd7999ea79df8ebc024bf0.sdkstatcache -output-file-map /Users/melichan/dev/TimeBlocking/build/TimeBlocking.build/Debug-iphonesimulator/TimeBlocking.build/Objects-normal/x86_64/TimeBlocking-OutputFileMap.json -use-frontend-parseable-output -save-temps -no-color-diagnostics -explicit-module-build -module-cache-path /Users/melichan/dev/TimeBlocking/build/SwiftExplicitPrecompiledModules -serialize-diagnostics -emit-dependencies -emit-module -emit-module-path /Users/melichan/dev/TimeBlocking/build/TimeBlocking.build/Debug-iphonesimulator/TimeBlocking.build/Objects-normal/x86_64/TimeBlocking.swiftmodule -validate-clang-modules-once -clang-build-session-file /var/folders/ly/x8ps0c5n7clg2vps_mrgh66w0000gn/C/org.llvm.clang/ModuleCache.noindex/Session.modulevalidation -Xcc -I/Users/melichan/dev/TimeBlocking/build/TimeBlocking.build/Debug-iphonesimulator/TimeBlocking.build/swift-overrides.hmap -emit-const-values -Xfrontend -const-gather-protocols-file -Xfrontend /Users/melichan/dev/TimeBlocking/build/TimeBlocking.build/Debug-iphonesimulator/TimeBlocking.build/Objects-normal/x86_64/TimeBlocking_const_extract_protocols.json -Xcc -iquote -Xcc /Users/melichan/dev/TimeBlocking/build/TimeBlocking.build/Debug-iphonesimulator/TimeBlocking.build/TimeBlocking-generated-files.hmap -Xcc -I/Users/melichan/dev/TimeBlocking/build/TimeBlocking.build/Debug-iphonesimulator/TimeBlocking.build/TimeBlocking-own-target-headers.hmap -Xcc -I/Users/melichan/dev/TimeBlocking/build/TimeBlocking.build/Debug-iphonesimulator/TimeBlocking.build/TimeBlocking-all-target-headers.hmap -Xcc -iquote -Xcc /Users/melichan/dev/TimeBlocking/build/TimeBlocking.build/Debug-iphonesimulator/TimeBlocking.build/TimeBlocking-project-headers.hmap -Xcc -I/Users/melichan/dev/TimeBlocking/build/Debug-iphonesimulator/include -Xcc -I/Users/melichan/dev/TimeBlocking/build/TimeBlocking.build/Debug-iphonesimulator/TimeBlocking.build/DerivedSources-normal/x86_64 -Xcc -I/Users/melichan/dev/TimeBlocking/build/TimeBlocking.build/Debug-iphonesimulator/TimeBlocking.build/DerivedSources/x86_64 -Xcc -I/Users/melichan/dev/TimeBlocking/build/TimeBlocking.build/Debug-iphonesimulator/TimeBlocking.build/DerivedSources -Xcc -DDEBUG\=1 -emit-objc-header -emit-objc-header-path /Users/melichan/dev/TimeBlocking/build/TimeBlocking.build/Debug-iphonesimulator/TimeBlocking.build/Objects-normal/x86_64/TimeBlocking-Swift.h -working-directory /Users/melichan/dev/TimeBlocking -experimental-emit-module-separately -disable-cmo

Ld /Users/melichan/dev/TimeBlocking/build/TimeBlocking.build/Debug-iphonesimulator/TimeBlocking.build/Objects-normal/x86_64/Binary/TimeBlocking normal x86_64 (in target 'TimeBlocking' from project 'TimeBlocking')
    cd /Users/melichan/dev/TimeBlocking
    /Applications/Xcode.app/Contents/Developer/Toolchains/XcodeDefault.xctoolchain/usr/bin/clang -Xlinker -reproducible -target x86_64-apple-ios26.2-simulator -isysroot /Applications/Xcode.app/Contents/Developer/Platforms/iPhoneSimulator.platform/Developer/SDKs/iPhoneSimulator26.2.sdk -O0 -L/Users/melichan/dev/TimeBlocking/build/EagerLinkingTBDs/Debug-iphonesimulator -L/Users/melichan/dev/TimeBlocking/build/Debug-iphonesimulator -F/Users/melichan/dev/TimeBlocking/build/EagerLinkingTBDs/Debug-iphonesimulator -F/Users/melichan/dev/TimeBlocking/build/Debug-iphonesimulator -filelist /Users/melichan/dev/TimeBlocking/build/TimeBlocking.build/Debug-iphonesimulator/TimeBlocking.build/Objects-normal/x86_64/TimeBlocking.LinkFileList -Xlinker -rpath -Xlinker @executable_path/Frameworks -dead_strip -Xlinker -object_path_lto -Xlinker /Users/melichan/dev/TimeBlocking/build/TimeBlocking.build/Debug-iphonesimulator/TimeBlocking.build/Objects-normal/x86_64/TimeBlocking_lto.o -rdynamic -Xlinker -no_deduplicate -Xlinker -objc_abi_version -Xlinker 2 -Xlinker -dependency_info -Xlinker /Users/melichan/dev/TimeBlocking/build/TimeBlocking.build/Debug-iphonesimulator/TimeBlocking.build/Objects-normal/x86_64/TimeBlocking_dependency_info.dat -fobjc-link-runtime -L/Applications/Xcode.app/Contents/Developer/Toolchains/XcodeDefault.xctoolchain/usr/lib/swift/iphonesimulator -L/usr/lib/swift -Xlinker -add_ast_path -Xlinker /Users/melichan/dev/TimeBlocking/build/TimeBlocking.build/Debug-iphonesimulator/TimeBlocking.build/Objects-normal/x86_64/TimeBlocking.swiftmodule @/Users/melichan/dev/TimeBlocking/build/TimeBlocking.build/Debug-iphonesimulator/TimeBlocking.build/Objects-normal/x86_64/TimeBlocking-linker-args.resp -Xlinker -sectcreate -Xlinker __TEXT -Xlinker __entitlements -Xlinker /Users/melichan/dev/TimeBlocking/build/TimeBlocking.build/Debug-iphonesimulator/TimeBlocking.build/TimeBlocking.app-Simulated.xcent -Xlinker -sectcreate -Xlinker __TEXT -Xlinker __ents_der -Xlinker /Users/melichan/dev/TimeBlocking/build/TimeBlocking.build/Debug-iphonesimulator/TimeBlocking.build/TimeBlocking.app-Simulated.xcent.der -Xlinker -no_adhoc_codesign -o /Users/melichan/dev/TimeBlocking/build/TimeBlocking.build/Debug-iphonesimulator/TimeBlocking.build/Objects-normal/x86_64/Binary/TimeBlocking

CreateUniversalBinary /Users/melichan/dev/TimeBlocking/build/Debug-iphonesimulator/TimeBlocking.app/TimeBlocking normal arm64\ x86_64 (in target 'TimeBlocking' from project 'TimeBlocking')
    cd /Users/melichan/dev/TimeBlocking
    /Applications/Xcode.app/Contents/Developer/Toolchains/XcodeDefault.xctoolchain/usr/bin/lipo -create /Users/melichan/dev/TimeBlocking/build/TimeBlocking.build/Debug-iphonesimulator/TimeBlocking.build/Objects-normal/arm64/Binary/TimeBlocking /Users/melichan/dev/TimeBlocking/build/TimeBlocking.build/Debug-iphonesimulator/TimeBlocking.build/Objects-normal/x86_64/Binary/TimeBlocking -output /Users/melichan/dev/TimeBlocking/build/Debug-iphonesimulator/TimeBlocking.app/TimeBlocking

CopySwiftLibs /Users/melichan/dev/TimeBlocking/build/Debug-iphonesimulator/TimeBlocking.app (in target 'TimeBlocking' from project 'TimeBlocking')
    cd /Users/melichan/dev/TimeBlocking
    builtin-swiftStdLibTool --copy --verbose --sign - --scan-executable /Users/melichan/dev/TimeBlocking/build/Debug-iphonesimulator/TimeBlocking.app/TimeBlocking --scan-folder /Users/melichan/dev/TimeBlocking/build/Debug-iphonesimulator/TimeBlocking.app/Frameworks --scan-folder /Users/melichan/dev/TimeBlocking/build/Debug-iphonesimulator/TimeBlocking.app/PlugIns --scan-folder /Users/melichan/dev/TimeBlocking/build/Debug-iphonesimulator/TimeBlocking.app/SystemExtensions --scan-folder /Users/melichan/dev/TimeBlocking/build/Debug-iphonesimulator/TimeBlocking.app/Extensions --platform iphonesimulator --toolchain /Applications/Xcode.app/Contents/Developer/Toolchains/XcodeDefault.xctoolchain --destination /Users/melichan/dev/TimeBlocking/build/Debug-iphonesimulator/TimeBlocking.app/Frameworks --strip-bitcode --strip-bitcode-tool /Applications/Xcode.app/Contents/Developer/Toolchains/XcodeDefault.xctoolchain/usr/bin/bitcode_strip --emit-dependency-info /Users/melichan/dev/TimeBlocking/build/TimeBlocking.build/Debug-iphonesimulator/TimeBlocking.build/SwiftStdLibToolInputDependencies.dep --filter-for-swift-os

ExtractAppIntentsMetadata (in target 'TimeBlocking' from project 'TimeBlocking')
    cd /Users/melichan/dev/TimeBlocking
    /Applications/Xcode.app/Contents/Developer/Toolchains/XcodeDefault.xctoolchain/usr/bin/appintentsmetadataprocessor --toolchain-dir /Applications/Xcode.app/Contents/Developer/Toolchains/XcodeDefault.xctoolchain --module-name TimeBlocking --sdk-root /Applications/Xcode.app/Contents/Developer/Platforms/iPhoneSimulator.platform/Developer/SDKs/iPhoneSimulator26.2.sdk --xcode-version 17C52 --platform-family iOS --deployment-target 26.2 --bundle-identifier com.melichan.TimeBlocking --output /Users/melichan/dev/TimeBlocking/build/Debug-iphonesimulator/TimeBlocking.app --target-triple arm64-apple-ios26.2-simulator --target-triple x86_64-apple-ios26.2-simulator --binary-file /Users/melichan/dev/TimeBlocking/build/Debug-iphonesimulator/TimeBlocking.app/TimeBlocking --dependency-file /Users/melichan/dev/TimeBlocking/build/TimeBlocking.build/Debug-iphonesimulator/TimeBlocking.build/Objects-normal/arm64/TimeBlocking_dependency_info.dat --dependency-file /Users/melichan/dev/TimeBlocking/build/TimeBlocking.build/Debug-iphonesimulator/TimeBlocking.build/Objects-normal/x86_64/TimeBlocking_dependency_info.dat --stringsdata-file /Users/melichan/dev/TimeBlocking/build/TimeBlocking.build/Debug-iphonesimulator/TimeBlocking.build/Objects-normal/arm64/ExtractedAppShortcutsMetadata.stringsdata --stringsdata-file /Users/melichan/dev/TimeBlocking/build/TimeBlocking.build/Debug-iphonesimulator/TimeBlocking.build/Objects-normal/x86_64/ExtractedAppShortcutsMetadata.stringsdata --source-file-list /Users/melichan/dev/TimeBlocking/build/TimeBlocking.build/Debug-iphonesimulator/TimeBlocking.build/Objects-normal/arm64/TimeBlocking.SwiftFileList --source-file-list /Users/melichan/dev/TimeBlocking/build/TimeBlocking.build/Debug-iphonesimulator/TimeBlocking.build/Objects-normal/x86_64/TimeBlocking.SwiftFileList --metadata-file-list /Users/melichan/dev/TimeBlocking/build/TimeBlocking.build/Debug-iphonesimulator/TimeBlocking.build/TimeBlocking.DependencyMetadataFileList --static-metadata-file-list /Users/melichan/dev/TimeBlocking/build/TimeBlocking.build/Debug-iphonesimulator/TimeBlocking.build/TimeBlocking.DependencyStaticMetadataFileList --swift-const-vals-list /Users/melichan/dev/TimeBlocking/build/TimeBlocking.build/Debug-iphonesimulator/TimeBlocking.build/Objects-normal/arm64/TimeBlocking.SwiftConstValuesFileList --swift-const-vals-list /Users/melichan/dev/TimeBlocking/build/TimeBlocking.build/Debug-iphonesimulator/TimeBlocking.build/Objects-normal/x86_64/TimeBlocking.SwiftConstValuesFileList --compile-time-extraction --deployment-aware-processing --validate-assistant-intents --no-app-shortcuts-localization
2026-04-29 17:00:02.899 appintentsmetadataprocessor[33841:4341893] Starting appintentsmetadataprocessor export
2026-04-29 17:00:02.900 appintentsmetadataprocessor[33841:4341893] warning: Metadata extraction skipped. No AppIntents.framework dependency found.

AppIntentsSSUTraining (in target 'TimeBlocking' from project 'TimeBlocking')
    cd /Users/melichan/dev/TimeBlocking
    /Applications/Xcode.app/Contents/Developer/Toolchains/XcodeDefault.xctoolchain/usr/bin/appintentsnltrainingprocessor --infoplist-path /Users/melichan/dev/TimeBlocking/build/Debug-iphonesimulator/TimeBlocking.app/Info.plist --temp-dir-path /Users/melichan/dev/TimeBlocking/build/TimeBlocking.build/Debug-iphonesimulator/TimeBlocking.build/ssu --bundle-id com.melichan.TimeBlocking --product-path /Users/melichan/dev/TimeBlocking/build/Debug-iphonesimulator/TimeBlocking.app --extracted-metadata-path /Users/melichan/dev/TimeBlocking/build/Debug-iphonesimulator/TimeBlocking.app/Metadata.appintents --metadata-file-list /Users/melichan/dev/TimeBlocking/build/TimeBlocking.build/Debug-iphonesimulator/TimeBlocking.build/TimeBlocking.DependencyMetadataFileList --archive-ssu-assets
2026-04-29 17:00:02.917 appintentsnltrainingprocessor[33844:4341901] Parsing options for appintentsnltrainingprocessor
2026-04-29 17:00:02.918 appintentsnltrainingprocessor[33844:4341901] No AppShortcuts found - Skipping.

CodeSign /Users/melichan/dev/TimeBlocking/build/Debug-iphonesimulator/TimeBlocking.app (in target 'TimeBlocking' from project 'TimeBlocking')
    cd /Users/melichan/dev/TimeBlocking
    
    Signing Identity:     "Sign to Run Locally"
    
    /usr/bin/codesign --force --sign - --entitlements /Users/melichan/dev/TimeBlocking/build/TimeBlocking.build/Debug-iphonesimulator/TimeBlocking.build/TimeBlocking.app.xcent --timestamp\=none --generate-entitlement-der /Users/melichan/dev/TimeBlocking/build/Debug-iphonesimulator/TimeBlocking.app

RegisterExecutionPolicyException /Users/melichan/dev/TimeBlocking/build/Debug-iphonesimulator/TimeBlocking.app (in target 'TimeBlocking' from project 'TimeBlocking')
    cd /Users/melichan/dev/TimeBlocking
    builtin-RegisterExecutionPolicyException /Users/melichan/dev/TimeBlocking/build/Debug-iphonesimulator/TimeBlocking.app

Validate /Users/melichan/dev/TimeBlocking/build/Debug-iphonesimulator/TimeBlocking.app (in target 'TimeBlocking' from project 'TimeBlocking')
    cd /Users/melichan/dev/TimeBlocking
    builtin-validationUtility /Users/melichan/dev/TimeBlocking/build/Debug-iphonesimulator/TimeBlocking.app -shallow-bundle -infoplist-subpath Info.plist

Touch /Users/melichan/dev/TimeBlocking/build/Debug-iphonesimulator/TimeBlocking.app (in target 'TimeBlocking' from project 'TimeBlocking')
    cd /Users/melichan/dev/TimeBlocking
    /usr/bin/touch -c /Users/melichan/dev/TimeBlocking/build/Debug-iphonesimulator/TimeBlocking.app

warning: ONLY_ACTIVE_ARCH=YES requested with multiple ARCHS and no active architecture could be computed; building for all applicable architectures (in target 'TimeBlocking' from project 'TimeBlocking')
** BUILD SUCCEEDED **

